16:42:15 **** Clean-only build of configuration Debug for project FASEC_Periph-test ****
make clean 
rm -rf  ./src/testperiph.o ./src/xdevcfg_selftest_example.o ./src/xdmaps_example_w_intr.o ./src/xemacps_example_intr_dma.o ./src/xemacps_example_util.o ./src/xiicps_selftest_example.o ./src/xqspips_selftest_example.o ./src/xscugic_tapp_example.o ./src/xscutimer_intr_example.o ./src/xscutimer_polled_example.o ./src/xscuwdt_intr_example.o ./src/xttcps_tapp_example.o  ./src/testperiph.d ./src/xdevcfg_selftest_example.d ./src/xdmaps_example_w_intr.d ./src/xemacps_example_intr_dma.d ./src/xemacps_example_util.d ./src/xiicps_selftest_example.d ./src/xqspips_selftest_example.d ./src/xscugic_tapp_example.d ./src/xscutimer_intr_example.d ./src/xscutimer_polled_example.d ./src/xscuwdt_intr_example.d ./src/xttcps_tapp_example.d  FASEC_Periph-test.elf.size  FASEC_Periph-test.elf
 
16:42:15 **** Incremental Build of configuration Debug for project FASEC_Periph-test ****
make pre-build main-build 
a9-linaro-pre-build-step
 
Building file: ../src/testperiph.c
Invoking: ARM v7 gcc compiler
arm-none-eabi-gcc -Wall -O0 -g3 -c -fmessage-length=0 -MT"src/testperiph.o" -mcpu=cortex-a9 -mfpu=vfpv3 -mfloat-abi=hard -I../../standalone_bsp_1/ps7_cortexa9_0/include -MMD -MP -MF"src/testperiph.d" -MT"src/testperiph.o" -o "src/testperiph.o" "../src/testperiph.c"
Finished building: ../src/testperiph.c
 
Building file: ../src/xdevcfg_selftest_example.c
Invoking: ARM v7 gcc compiler
arm-none-eabi-gcc -Wall -O0 -g3 -c -fmessage-length=0 -MT"src/xdevcfg_selftest_example.o" -mcpu=cortex-a9 -mfpu=vfpv3 -mfloat-abi=hard -I../../standalone_bsp_1/ps7_cortexa9_0/include -MMD -MP -MF"src/xdevcfg_selftest_example.d" -MT"src/xdevcfg_selftest_example.o" -o "src/xdevcfg_selftest_example.o" "../src/xdevcfg_selftest_example.c"
Finished building: ../src/xdevcfg_selftest_example.c
 
Building file: ../src/xdmaps_example_w_intr.c
Invoking: ARM v7 gcc compiler
arm-none-eabi-gcc -Wall -O0 -g3 -c -fmessage-length=0 -MT"src/xdmaps_example_w_intr.o" -mcpu=cortex-a9 -mfpu=vfpv3 -mfloat-abi=hard -I../../standalone_bsp_1/ps7_cortexa9_0/include -MMD -MP -MF"src/xdmaps_example_w_intr.d" -MT"src/xdmaps_example_w_intr.o" -o "src/xdmaps_example_w_intr.o" "../src/xdmaps_example_w_intr.c"
Finished building: ../src/xdmaps_example_w_intr.c
 
Building file: ../src/xemacps_example_intr_dma.c
Invoking: ARM v7 gcc compiler
arm-none-eabi-gcc -Wall -O0 -g3 -c -fmessage-length=0 -MT"src/xemacps_example_intr_dma.o" -mcpu=cortex-a9 -mfpu=vfpv3 -mfloat-abi=hard -I../../standalone_bsp_1/ps7_cortexa9_0/include -MMD -MP -MF"src/xemacps_example_intr_dma.d" -MT"src/xemacps_example_intr_dma.o" -o "src/xemacps_example_intr_dma.o" "../src/xemacps_example_intr_dma.c"
../src/xemacps_example_intr_dma.c: In function ‘XEmacPsClkSetup’:
../src/xemacps_example_intr_dma.c:1294:6: warning: unused variable ‘CrlApbClkCntrl’ [-Wunused-variable]
  u32 CrlApbClkCntrl;
      ^
Finished building: ../src/xemacps_example_intr_dma.c
 
Building file: ../src/xemacps_example_util.c
Invoking: ARM v7 gcc compiler
arm-none-eabi-gcc -Wall -O0 -g3 -c -fmessage-length=0 -MT"src/xemacps_example_util.o" -mcpu=cortex-a9 -mfpu=vfpv3 -mfloat-abi=hard -I../../standalone_bsp_1/ps7_cortexa9_0/include -MMD -MP -MF"src/xemacps_example_util.d" -MT"src/xemacps_example_util.o" -o "src/xemacps_example_util.o" "../src/xemacps_example_util.c"
../src/xemacps_example_util.c: In function ‘EmacPsUtilMicrelPhyLoopback’:
../src/xemacps_example_util.c:708:2: warning: format ‘%u’ expects argument of type ‘unsigned int’, but argument 2 has type ‘u32’ [-Wformat=]
  printf("phy port %u reg %u before speed config: %#010x \n\r", PhyAddr, RegAddr, test);
  ^
../src/xemacps_example_util.c:708:2: warning: format ‘%u’ expects argument of type ‘unsigned int’, but argument 3 has type ‘u32’ [-Wformat=]
../src/xemacps_example_util.c:708:2: warning: format ‘%u’ expects argument of type ‘unsigned int’, but argument 2 has type ‘u32’ [-Wformat=]
../src/xemacps_example_util.c:708:2: warning: format ‘%u’ expects argument of type ‘unsigned int’, but argument 3 has type ‘u32’ [-Wformat=]
../src/xemacps_example_util.c:726:2: warning: format ‘%u’ expects argument of type ‘unsigned int’, but argument 2 has type ‘u32’ [-Wformat=]
  printf("phy port %u reg %u after reset: %#010x \n\r", PhyAddr, RegAddr, PhyReg0);
  ^
../src/xemacps_example_util.c:726:2: warning: format ‘%u’ expects argument of type ‘unsigned int’, but argument 3 has type ‘u32’ [-Wformat=]
../src/xemacps_example_util.c:726:2: warning: format ‘%u’ expects argument of type ‘unsigned int’, but argument 2 has type ‘u32’ [-Wformat=]
../src/xemacps_example_util.c:726:2: warning: format ‘%u’ expects argument of type ‘unsigned int’, but argument 3 has type ‘u32’ [-Wformat=]
../src/xemacps_example_util.c:740:3: warning: format ‘%u’ expects argument of type ‘unsigned int’, but argument 2 has type ‘u32’ [-Wformat=]
   printf("PHY %u reset\n\r", i);
   ^
../src/xemacps_example_util.c:740:3: warning: format ‘%u’ expects argument of type ‘unsigned int’, but argument 2 has type ‘u32’ [-Wformat=]
../src/xemacps_example_util.c:761:2: warning: format ‘%u’ expects argument of type ‘unsigned int’, but argument 2 has type ‘u32’ [-Wformat=]
  printf("written phy port %u reg %u : %#010x \n\r", PhyAddr, RegAddr, PhyReg0);
  ^
../src/xemacps_example_util.c:761:2: warning: format ‘%u’ expects argument of type ‘unsigned int’, but argument 3 has type ‘u32’ [-Wformat=]
../src/xemacps_example_util.c:761:2: warning: format ‘%u’ expects argument of type ‘unsigned int’, but argument 2 has type ‘u32’ [-Wformat=]
../src/xemacps_example_util.c:761:2: warning: format ‘%u’ expects argument of type ‘unsigned int’, but argument 3 has type ‘u32’ [-Wformat=]
../src/xemacps_example_util.c:767:2: warning: format ‘%u’ expects argument of type ‘unsigned int’, but argument 2 has type ‘u32’ [-Wformat=]
  printf("phy port %u reg %u : %#010x \n\r", PhyAddr, RegAddr, PhyReg0);
  ^
../src/xemacps_example_util.c:767:2: warning: format ‘%u’ expects argument of type ‘unsigned int’, but argument 3 has type ‘u32’ [-Wformat=]
../src/xemacps_example_util.c:767:2: warning: format ‘%u’ expects argument of type ‘unsigned int’, but argument 2 has type ‘u32’ [-Wformat=]
../src/xemacps_example_util.c:767:2: warning: format ‘%u’ expects argument of type ‘unsigned int’, but argument 3 has type ‘u32’ [-Wformat=]
../src/xemacps_example_util.c:676:6: warning: unused variable ‘PhyReg1’ [-Wunused-variable]
  u16 PhyReg1  = 0;
      ^
../src/xemacps_example_util.c: In function ‘EmacPsUtilEnterLoopback’:
../src/xemacps_example_util.c:814:4: warning: format ‘%u’ expects argument of type ‘unsigned int’, but argument 2 has type ‘u32’ [-Wformat=]
    printf("phy port %u reg %u : %#010x \n\r",j, i, PhyIdentity);
    ^
../src/xemacps_example_util.c:814:4: warning: format ‘%u’ expects argument of type ‘unsigned int’, but argument 3 has type ‘u32’ [-Wformat=]
../src/xemacps_example_util.c:814:4: warning: format ‘%u’ expects argument of type ‘unsigned int’, but argument 2 has type ‘u32’ [-Wformat=]
../src/xemacps_example_util.c:814:4: warning: format ‘%u’ expects argument of type ‘unsigned int’, but argument 3 has type ‘u32’ [-Wformat=]
Finished building: ../src/xemacps_example_util.c
 
Building file: ../src/xiicps_selftest_example.c
Invoking: ARM v7 gcc compiler
arm-none-eabi-gcc -Wall -O0 -g3 -c -fmessage-length=0 -MT"src/xiicps_selftest_example.o" -mcpu=cortex-a9 -mfpu=vfpv3 -mfloat-abi=hard -I../../standalone_bsp_1/ps7_cortexa9_0/include -MMD -MP -MF"src/xiicps_selftest_example.d" -MT"src/xiicps_selftest_example.o" -o "src/xiicps_selftest_example.o" "../src/xiicps_selftest_example.c"
Finished building: ../src/xiicps_selftest_example.c
 
Building file: ../src/xqspips_selftest_example.c
Invoking: ARM v7 gcc compiler
arm-none-eabi-gcc -Wall -O0 -g3 -c -fmessage-length=0 -MT"src/xqspips_selftest_example.o" -mcpu=cortex-a9 -mfpu=vfpv3 -mfloat-abi=hard -I../../standalone_bsp_1/ps7_cortexa9_0/include -MMD -MP -MF"src/xqspips_selftest_example.d" -MT"src/xqspips_selftest_example.o" -o "src/xqspips_selftest_example.o" "../src/xqspips_selftest_example.c"
Finished building: ../src/xqspips_selftest_example.c
 
Building file: ../src/xscugic_tapp_example.c
Invoking: ARM v7 gcc compiler
arm-none-eabi-gcc -Wall -O0 -g3 -c -fmessage-length=0 -MT"src/xscugic_tapp_example.o" -mcpu=cortex-a9 -mfpu=vfpv3 -mfloat-abi=hard -I../../standalone_bsp_1/ps7_cortexa9_0/include -MMD -MP -MF"src/xscugic_tapp_example.d" -MT"src/xscugic_tapp_example.o" -o "src/xscugic_tapp_example.o" "../src/xscugic_tapp_example.c"
Finished building: ../src/xscugic_tapp_example.c
 
Building file: ../src/xscutimer_intr_example.c
Invoking: ARM v7 gcc compiler
arm-none-eabi-gcc -Wall -O0 -g3 -c -fmessage-length=0 -MT"src/xscutimer_intr_example.o" -mcpu=cortex-a9 -mfpu=vfpv3 -mfloat-abi=hard -I../../standalone_bsp_1/ps7_cortexa9_0/include -MMD -MP -MF"src/xscutimer_intr_example.d" -MT"src/xscutimer_intr_example.o" -o "src/xscutimer_intr_example.o" "../src/xscutimer_intr_example.c"
Finished building: ../src/xscutimer_intr_example.c
 
Building file: ../src/xscutimer_polled_example.c
Invoking: ARM v7 gcc compiler
arm-none-eabi-gcc -Wall -O0 -g3 -c -fmessage-length=0 -MT"src/xscutimer_polled_example.o" -mcpu=cortex-a9 -mfpu=vfpv3 -mfloat-abi=hard -I../../standalone_bsp_1/ps7_cortexa9_0/include -MMD -MP -MF"src/xscutimer_polled_example.d" -MT"src/xscutimer_polled_example.o" -o "src/xscutimer_polled_example.o" "../src/xscutimer_polled_example.c"
Finished building: ../src/xscutimer_polled_example.c
 
Building file: ../src/xscuwdt_intr_example.c
Invoking: ARM v7 gcc compiler
arm-none-eabi-gcc -Wall -O0 -g3 -c -fmessage-length=0 -MT"src/xscuwdt_intr_example.o" -mcpu=cortex-a9 -mfpu=vfpv3 -mfloat-abi=hard -I../../standalone_bsp_1/ps7_cortexa9_0/include -MMD -MP -MF"src/xscuwdt_intr_example.d" -MT"src/xscuwdt_intr_example.o" -o "src/xscuwdt_intr_example.o" "../src/xscuwdt_intr_example.c"
Finished building: ../src/xscuwdt_intr_example.c
 
Building file: ../src/xttcps_tapp_example.c
Invoking: ARM v7 gcc compiler
arm-none-eabi-gcc -Wall -O0 -g3 -c -fmessage-length=0 -MT"src/xttcps_tapp_example.o" -mcpu=cortex-a9 -mfpu=vfpv3 -mfloat-abi=hard -I../../standalone_bsp_1/ps7_cortexa9_0/include -MMD -MP -MF"src/xttcps_tapp_example.d" -MT"src/xttcps_tapp_example.o" -o "src/xttcps_tapp_example.o" "../src/xttcps_tapp_example.c"
Finished building: ../src/xttcps_tapp_example.c
 
Building target: FASEC_Periph-test.elf
Invoking: ARM v7 gcc linker
arm-none-eabi-gcc -mcpu=cortex-a9 -mfpu=vfpv3 -mfloat-abi=hard -Wl,-build-id=none -specs=Xilinx.spec -Wl,-T -Wl,../src/lscript.ld -L../../standalone_bsp_1/ps7_cortexa9_0/lib -o "FASEC_Periph-test.elf"  ./src/testperiph.o ./src/xdevcfg_selftest_example.o ./src/xdmaps_example_w_intr.o ./src/xemacps_example_intr_dma.o ./src/xemacps_example_util.o ./src/xiicps_selftest_example.o ./src/xqspips_selftest_example.o ./src/xscugic_tapp_example.o ./src/xscutimer_intr_example.o ./src/xscutimer_polled_example.o ./src/xscuwdt_intr_example.o ./src/xttcps_tapp_example.o   -Wl,--start-group,-lxil,-lgcc,-lc,--end-group
Finished building target: FASEC_Periph-test.elf
 
Invoking: ARM v7 Print Size
arm-none-eabi-size FASEC_Periph-test.elf  |tee "FASEC_Periph-test.elf.size"
   text	   data	    bss	    dec	    hex	filename
 130092	   4376	  55376	 189844	  2e594	FASEC_Periph-test.elf
Finished building: FASEC_Periph-test.elf.size
 
17:45:32 **** Clean-only build of project standalone_bsp_1 ****
make -k clean 
rm -f ps7_cortexa9_0/lib/libxil.a
17:45:32 **** Clean-only build of configuration Debug for project FASEC_Periph-test ****
make clean 
rm -rf  ./src/testperiph.o ./src/xdevcfg_selftest_example.o ./src/xdmaps_example_w_intr.o ./src/xemacps_example_intr_dma.o ./src/xemacps_example_util.o ./src/xiicps_selftest_example.o ./src/xqspips_selftest_example.o ./src/xscugic_tapp_example.o ./src/xscutimer_intr_example.o ./src/xscutimer_polled_example.o ./src/xscuwdt_intr_example.o ./src/xttcps_tapp_example.o  ./src/testperiph.d ./src/xdevcfg_selftest_example.d ./src/xdmaps_example_w_intr.d ./src/xemacps_example_intr_dma.d ./src/xemacps_example_util.d ./src/xiicps_selftest_example.d ./src/xqspips_selftest_example.d ./src/xscugic_tapp_example.d ./src/xscutimer_intr_example.d ./src/xscutimer_polled_example.d ./src/xscuwdt_intr_example.d ./src/xttcps_tapp_example.d  FASEC_Periph-test.elf.size  FASEC_Periph-test.elf
 
17:45:33 **** Clean-only build of configuration Debug for project FASEC_SFP-Periph-test ****
make clean 
rm -rf  ./src/testperiph.o ./src/xdevcfg_selftest_example.o ./src/xdmaps_example_w_intr.o ./src/xemacps_example_intr_dma.o ./src/xemacps_example_util.o ./src/xiicps_selftest_example.o ./src/xqspips_selftest_example.o ./src/xscugic_tapp_example.o ./src/xscutimer_intr_example.o ./src/xscutimer_polled_example.o ./src/xscuwdt_intr_example.o ./src/xttcps_tapp_example.o  ./src/testperiph.d ./src/xdevcfg_selftest_example.d ./src/xdmaps_example_w_intr.d ./src/xemacps_example_intr_dma.d ./src/xemacps_example_util.d ./src/xiicps_selftest_example.d ./src/xqspips_selftest_example.d ./src/xscugic_tapp_example.d ./src/xscutimer_intr_example.d ./src/xscutimer_polled_example.d ./src/xscuwdt_intr_example.d ./src/xttcps_tapp_example.d  FASEC_SFP-Periph-test.elf.size  FASEC_SFP-Periph-test.elf
 
17:51:07 **** Build of project standalone_bsp_1 ****
make -k all 
Running Make include in ps7_cortexa9_0/libsrc/qspips_v3_3/src
make -C ps7_cortexa9_0/libsrc/qspips_v3_3/src -s include  "SHELL=/bin/sh" "COMPILER=arm-none-eabi-gcc" "ARCHIVER=arm-none-eabi-ar" "COMPILER_FLAGS=  -O2 -c" "EXTRA_COMPILER_FLAGS=-mcpu=cortex-a9 -mfpu=vfpv3 -mfloat-abi=hard -nostartfiles"
Running Make include in ps7_cortexa9_0/libsrc/ddrps_v1_0/src
make -C ps7_cortexa9_0/libsrc/ddrps_v1_0/src -s include  "SHELL=/bin/sh" "COMPILER=arm-none-eabi-gcc" "ARCHIVER=arm-none-eabi-ar" "COMPILER_FLAGS=  -O2 -c" "EXTRA_COMPILER_FLAGS=-mcpu=cortex-a9 -mfpu=vfpv3 -mfloat-abi=hard -nostartfiles"
Running Make include in ps7_cortexa9_0/libsrc/axi_wb_i2c_master_v1_0/src
make -C ps7_cortexa9_0/libsrc/axi_wb_i2c_master_v1_0/src -s include  "SHELL=/bin/sh" "COMPILER=arm-none-eabi-gcc" "ARCHIVER=arm-none-eabi-ar" "COMPILER_FLAGS=  -O2 -c" "EXTRA_COMPILER_FLAGS=-mcpu=cortex-a9 -mfpu=vfpv3 -mfloat-abi=hard -nostartfiles"
Running Make include in ps7_cortexa9_0/libsrc/cpu_cortexa9_v2_2/src
make -C ps7_cortexa9_0/libsrc/cpu_cortexa9_v2_2/src -s include  "SHELL=/bin/sh" "COMPILER=arm-none-eabi-gcc" "ARCHIVER=arm-none-eabi-ar" "COMPILER_FLAGS=  -O2 -c" "EXTRA_COMPILER_FLAGS=-mcpu=cortex-a9 -mfpu=vfpv3 -mfloat-abi=hard -nostartfiles"
Running Make include in ps7_cortexa9_0/libsrc/sdps_v2_8/src
make -C ps7_cortexa9_0/libsrc/sdps_v2_8/src -s include  "SHELL=/bin/sh" "COMPILER=arm-none-eabi-gcc" "ARCHIVER=arm-none-eabi-ar" "COMPILER_FLAGS=  -O2 -c" "EXTRA_COMPILER_FLAGS=-mcpu=cortex-a9 -mfpu=vfpv3 -mfloat-abi=hard -nostartfiles"
Running Make include in ps7_cortexa9_0/libsrc/emacps_v3_2/src
make -C ps7_cortexa9_0/libsrc/emacps_v3_2/src -s include  "SHELL=/bin/sh" "COMPILER=arm-none-eabi-gcc" "ARCHIVER=arm-none-eabi-ar" "COMPILER_FLAGS=  -O2 -c" "EXTRA_COMPILER_FLAGS=-mcpu=cortex-a9 -mfpu=vfpv3 -mfloat-abi=hard -nostartfiles"
Running Make include in ps7_cortexa9_0/libsrc/uartps_v3_1/src
make -C ps7_cortexa9_0/libsrc/uartps_v3_1/src -s include  "SHELL=/bin/sh" "COMPILER=arm-none-eabi-gcc" "ARCHIVER=arm-none-eabi-ar" "COMPILER_FLAGS=  -O2 -c" "EXTRA_COMPILER_FLAGS=-mcpu=cortex-a9 -mfpu=vfpv3 -mfloat-abi=hard -nostartfiles"
Running Make include in ps7_cortexa9_0/libsrc/scugic_v3_3/src
make -C ps7_cortexa9_0/libsrc/scugic_v3_3/src -s include  "SHELL=/bin/sh" "COMPILER=arm-none-eabi-gcc" "ARCHIVER=arm-none-eabi-ar" "COMPILER_FLAGS=  -O2 -c" "EXTRA_COMPILER_FLAGS=-mcpu=cortex-a9 -mfpu=vfpv3 -mfloat-abi=hard -nostartfiles"
Running Make include in ps7_cortexa9_0/libsrc/iicps_v3_2/src
make -C ps7_cortexa9_0/libsrc/iicps_v3_2/src -s include  "SHELL=/bin/sh" "COMPILER=arm-none-eabi-gcc" "ARCHIVER=arm-none-eabi-ar" "COMPILER_FLAGS=  -O2 -c" "EXTRA_COMPILER_FLAGS=-mcpu=cortex-a9 -mfpu=vfpv3 -mfloat-abi=hard -nostartfiles"
Running Make include in ps7_cortexa9_0/libsrc/devcfg_v3_4/src
make -C ps7_cortexa9_0/libsrc/devcfg_v3_4/src -s include  "SHELL=/bin/sh" "COMPILER=arm-none-eabi-gcc" "ARCHIVER=arm-none-eabi-ar" "COMPILER_FLAGS=  -O2 -c" "EXTRA_COMPILER_FLAGS=-mcpu=cortex-a9 -mfpu=vfpv3 -mfloat-abi=hard -nostartfiles"
Running Make include in ps7_cortexa9_0/libsrc/dmaps_v2_1/src
make -C ps7_cortexa9_0/libsrc/dmaps_v2_1/src -s include  "SHELL=/bin/sh" "COMPILER=arm-none-eabi-gcc" "ARCHIVER=arm-none-eabi-ar" "COMPILER_FLAGS=  -O2 -c" "EXTRA_COMPILER_FLAGS=-mcpu=cortex-a9 -mfpu=vfpv3 -mfloat-abi=hard -nostartfiles"
Running Make include in ps7_cortexa9_0/libsrc/gpiops_v3_1/src
make -C ps7_cortexa9_0/libsrc/gpiops_v3_1/src -s include  "SHELL=/bin/sh" "COMPILER=arm-none-eabi-gcc" "ARCHIVER=arm-none-eabi-ar" "COMPILER_FLAGS=  -O2 -c" "EXTRA_COMPILER_FLAGS=-mcpu=cortex-a9 -mfpu=vfpv3 -mfloat-abi=hard -nostartfiles"
Running Make include in ps7_cortexa9_0/libsrc/scuwdt_v2_1/src
make -C ps7_cortexa9_0/libsrc/scuwdt_v2_1/src -s include  "SHELL=/bin/sh" "COMPILER=arm-none-eabi-gcc" "ARCHIVER=arm-none-eabi-ar" "COMPILER_FLAGS=  -O2 -c" "EXTRA_COMPILER_FLAGS=-mcpu=cortex-a9 -mfpu=vfpv3 -mfloat-abi=hard -nostartfiles"
Running Make include in ps7_cortexa9_0/libsrc/ttcps_v3_1/src
make -C ps7_cortexa9_0/libsrc/ttcps_v3_1/src -s include  "SHELL=/bin/sh" "COMPILER=arm-none-eabi-gcc" "ARCHIVER=arm-none-eabi-ar" "COMPILER_FLAGS=  -O2 -c" "EXTRA_COMPILER_FLAGS=-mcpu=cortex-a9 -mfpu=vfpv3 -mfloat-abi=hard -nostartfiles"
Running Make include in ps7_cortexa9_0/libsrc/coresightps_dcc_v1_2/src
make -C ps7_cortexa9_0/libsrc/coresightps_dcc_v1_2/src -s include  "SHELL=/bin/sh" "COMPILER=arm-none-eabi-gcc" "ARCHIVER=arm-none-eabi-ar" "COMPILER_FLAGS=  -O2 -c" "EXTRA_COMPILER_FLAGS=-mcpu=cortex-a9 -mfpu=vfpv3 -mfloat-abi=hard -nostartfiles"
Running Make include in ps7_cortexa9_0/libsrc/standalone_v5_5/src
make -C ps7_cortexa9_0/libsrc/standalone_v5_5/src -s include  "SHELL=/bin/sh" "COMPILER=arm-none-eabi-gcc" "ARCHIVER=arm-none-eabi-ar" "COMPILER_FLAGS=  -O2 -c" "EXTRA_COMPILER_FLAGS=-mcpu=cortex-a9 -mfpu=vfpv3 -mfloat-abi=hard -nostartfiles"
Running Make include in ps7_cortexa9_0/libsrc/xadcps_v2_2/src
make -C ps7_cortexa9_0/libsrc/xadcps_v2_2/src -s include  "SHELL=/bin/sh" "COMPILER=arm-none-eabi-gcc" "ARCHIVER=arm-none-eabi-ar" "COMPILER_FLAGS=  -O2 -c" "EXTRA_COMPILER_FLAGS=-mcpu=cortex-a9 -mfpu=vfpv3 -mfloat-abi=hard -nostartfiles"
Running Make include in ps7_cortexa9_0/libsrc/scutimer_v2_1/src
make -C ps7_cortexa9_0/libsrc/scutimer_v2_1/src -s include  "SHELL=/bin/sh" "COMPILER=arm-none-eabi-gcc" "ARCHIVER=arm-none-eabi-ar" "COMPILER_FLAGS=  -O2 -c" "EXTRA_COMPILER_FLAGS=-mcpu=cortex-a9 -mfpu=vfpv3 -mfloat-abi=hard -nostartfiles"
Running Make libs in ps7_cortexa9_0/libsrc/qspips_v3_3/src
make -C ps7_cortexa9_0/libsrc/qspips_v3_3/src -s libs  "SHELL=/bin/sh" "COMPILER=arm-none-eabi-gcc" "ARCHIVER=arm-none-eabi-ar" "COMPILER_FLAGS=  -O2 -c" "EXTRA_COMPILER_FLAGS=-mcpu=cortex-a9 -mfpu=vfpv3 -mfloat-abi=hard -nostartfiles"
Compiling qspips
arm-none-eabi-ar: creating ../../../lib/libxil.a
Running Make libs in ps7_cortexa9_0/libsrc/ddrps_v1_0/src
make -C ps7_cortexa9_0/libsrc/ddrps_v1_0/src -s libs  "SHELL=/bin/sh" "COMPILER=arm-none-eabi-gcc" "ARCHIVER=arm-none-eabi-ar" "COMPILER_FLAGS=  -O2 -c" "EXTRA_COMPILER_FLAGS=-mcpu=cortex-a9 -mfpu=vfpv3 -mfloat-abi=hard -nostartfiles"
Compiling ddrps
Running Make libs in ps7_cortexa9_0/libsrc/axi_wb_i2c_master_v1_0/src
make -C ps7_cortexa9_0/libsrc/axi_wb_i2c_master_v1_0/src -s libs  "SHELL=/bin/sh" "COMPILER=arm-none-eabi-gcc" "ARCHIVER=arm-none-eabi-ar" "COMPILER_FLAGS=  -O2 -c" "EXTRA_COMPILER_FLAGS=-mcpu=cortex-a9 -mfpu=vfpv3 -mfloat-abi=hard -nostartfiles"
Compiling axi_wb_i2c_master...
Running Make libs in ps7_cortexa9_0/libsrc/cpu_cortexa9_v2_2/src
make -C ps7_cortexa9_0/libsrc/cpu_cortexa9_v2_2/src -s libs  "SHELL=/bin/sh" "COMPILER=arm-none-eabi-gcc" "ARCHIVER=arm-none-eabi-ar" "COMPILER_FLAGS=  -O2 -c" "EXTRA_COMPILER_FLAGS=-mcpu=cortex-a9 -mfpu=vfpv3 -mfloat-abi=hard -nostartfiles"
Compiling cpu_cortexa9
Running Make libs in ps7_cortexa9_0/libsrc/sdps_v2_8/src
make -C ps7_cortexa9_0/libsrc/sdps_v2_8/src -s libs  "SHELL=/bin/sh" "COMPILER=arm-none-eabi-gcc" "ARCHIVER=arm-none-eabi-ar" "COMPILER_FLAGS=  -O2 -c" "EXTRA_COMPILER_FLAGS=-mcpu=cortex-a9 -mfpu=vfpv3 -mfloat-abi=hard -nostartfiles"
Compiling sdps
Running Make libs in ps7_cortexa9_0/libsrc/emacps_v3_2/src
make -C ps7_cortexa9_0/libsrc/emacps_v3_2/src -s libs  "SHELL=/bin/sh" "COMPILER=arm-none-eabi-gcc" "ARCHIVER=arm-none-eabi-ar" "COMPILER_FLAGS=  -O2 -c" "EXTRA_COMPILER_FLAGS=-mcpu=cortex-a9 -mfpu=vfpv3 -mfloat-abi=hard -nostartfiles"
Compiling emacps
Running Make libs in ps7_cortexa9_0/libsrc/uartps_v3_1/src
make -C ps7_cortexa9_0/libsrc/uartps_v3_1/src -s libs  "SHELL=/bin/sh" "COMPILER=arm-none-eabi-gcc" "ARCHIVER=arm-none-eabi-ar" "COMPILER_FLAGS=  -O2 -c" "EXTRA_COMPILER_FLAGS=-mcpu=cortex-a9 -mfpu=vfpv3 -mfloat-abi=hard -nostartfiles"
Compiling uartps
Running Make libs in ps7_cortexa9_0/libsrc/scugic_v3_3/src
make -C ps7_cortexa9_0/libsrc/scugic_v3_3/src -s libs  "SHELL=/bin/sh" "COMPILER=arm-none-eabi-gcc" "ARCHIVER=arm-none-eabi-ar" "COMPILER_FLAGS=  -O2 -c" "EXTRA_COMPILER_FLAGS=-mcpu=cortex-a9 -mfpu=vfpv3 -mfloat-abi=hard -nostartfiles"
Compiling scugic
Running Make libs in ps7_cortexa9_0/libsrc/iicps_v3_2/src
make -C ps7_cortexa9_0/libsrc/iicps_v3_2/src -s libs  "SHELL=/bin/sh" "COMPILER=arm-none-eabi-gcc" "ARCHIVER=arm-none-eabi-ar" "COMPILER_FLAGS=  -O2 -c" "EXTRA_COMPILER_FLAGS=-mcpu=cortex-a9 -mfpu=vfpv3 -mfloat-abi=hard -nostartfiles"
Compiling iicps
Running Make libs in ps7_cortexa9_0/libsrc/devcfg_v3_4/src
make -C ps7_cortexa9_0/libsrc/devcfg_v3_4/src -s libs  "SHELL=/bin/sh" "COMPILER=arm-none-eabi-gcc" "ARCHIVER=arm-none-eabi-ar" "COMPILER_FLAGS=  -O2 -c" "EXTRA_COMPILER_FLAGS=-mcpu=cortex-a9 -mfpu=vfpv3 -mfloat-abi=hard -nostartfiles"
Compiling devcfg
Running Make libs in ps7_cortexa9_0/libsrc/dmaps_v2_1/src
make -C ps7_cortexa9_0/libsrc/dmaps_v2_1/src -s libs  "SHELL=/bin/sh" "COMPILER=arm-none-eabi-gcc" "ARCHIVER=arm-none-eabi-ar" "COMPILER_FLAGS=  -O2 -c" "EXTRA_COMPILER_FLAGS=-mcpu=cortex-a9 -mfpu=vfpv3 -mfloat-abi=hard -nostartfiles"
Compiling dmaps
Running Make libs in ps7_cortexa9_0/libsrc/gpiops_v3_1/src
make -C ps7_cortexa9_0/libsrc/gpiops_v3_1/src -s libs  "SHELL=/bin/sh" "COMPILER=arm-none-eabi-gcc" "ARCHIVER=arm-none-eabi-ar" "COMPILER_FLAGS=  -O2 -c" "EXTRA_COMPILER_FLAGS=-mcpu=cortex-a9 -mfpu=vfpv3 -mfloat-abi=hard -nostartfiles"
Compiling gpiops
Running Make libs in ps7_cortexa9_0/libsrc/scuwdt_v2_1/src
make -C ps7_cortexa9_0/libsrc/scuwdt_v2_1/src -s libs  "SHELL=/bin/sh" "COMPILER=arm-none-eabi-gcc" "ARCHIVER=arm-none-eabi-ar" "COMPILER_FLAGS=  -O2 -c" "EXTRA_COMPILER_FLAGS=-mcpu=cortex-a9 -mfpu=vfpv3 -mfloat-abi=hard -nostartfiles"
Compiling scuwdt
Running Make libs in ps7_cortexa9_0/libsrc/ttcps_v3_1/src
make -C ps7_cortexa9_0/libsrc/ttcps_v3_1/src -s libs  "SHELL=/bin/sh" "COMPILER=arm-none-eabi-gcc" "ARCHIVER=arm-none-eabi-ar" "COMPILER_FLAGS=  -O2 -c" "EXTRA_COMPILER_FLAGS=-mcpu=cortex-a9 -mfpu=vfpv3 -mfloat-abi=hard -nostartfiles"
Compiling ttcps
Running Make libs in ps7_cortexa9_0/libsrc/coresightps_dcc_v1_2/src
make -C ps7_cortexa9_0/libsrc/coresightps_dcc_v1_2/src -s libs  "SHELL=/bin/sh" "COMPILER=arm-none-eabi-gcc" "ARCHIVER=arm-none-eabi-ar" "COMPILER_FLAGS=  -O2 -c" "EXTRA_COMPILER_FLAGS=-mcpu=cortex-a9 -mfpu=vfpv3 -mfloat-abi=hard -nostartfiles"
Compiling coresightps_dcc
Running Make libs in ps7_cortexa9_0/libsrc/standalone_v5_5/src
make -C ps7_cortexa9_0/libsrc/standalone_v5_5/src -s libs  "SHELL=/bin/sh" "COMPILER=arm-none-eabi-gcc" "ARCHIVER=arm-none-eabi-ar" "COMPILER_FLAGS=  -O2 -c" "EXTRA_COMPILER_FLAGS=-mcpu=cortex-a9 -mfpu=vfpv3 -mfloat-abi=hard -nostartfiles"
Compiling standalone
Running Make libs in ps7_cortexa9_0/libsrc/xadcps_v2_2/src
make -C ps7_cortexa9_0/libsrc/xadcps_v2_2/src -s libs  "SHELL=/bin/sh" "COMPILER=arm-none-eabi-gcc" "ARCHIVER=arm-none-eabi-ar" "COMPILER_FLAGS=  -O2 -c" "EXTRA_COMPILER_FLAGS=-mcpu=cortex-a9 -mfpu=vfpv3 -mfloat-abi=hard -nostartfiles"
Compiling xadcps
Running Make libs in ps7_cortexa9_0/libsrc/scutimer_v2_1/src
make -C ps7_cortexa9_0/libsrc/scutimer_v2_1/src -s libs  "SHELL=/bin/sh" "COMPILER=arm-none-eabi-gcc" "ARCHIVER=arm-none-eabi-ar" "COMPILER_FLAGS=  -O2 -c" "EXTRA_COMPILER_FLAGS=-mcpu=cortex-a9 -mfpu=vfpv3 -mfloat-abi=hard -nostartfiles"
Compiling scutimer
Finished building libraries
17:51:20 **** Build of configuration Debug for project FASEC_Periph-test ****
make pre-build main-build 
a9-linaro-pre-build-step
 
Building file: ../src/testperiph.c
Invoking: ARM v7 gcc compiler
arm-none-eabi-gcc -Wall -O0 -g3 -c -fmessage-length=0 -MT"src/testperiph.o" -mcpu=cortex-a9 -mfpu=vfpv3 -mfloat-abi=hard -I../../standalone_bsp_1/ps7_cortexa9_0/include -MMD -MP -MF"src/testperiph.d" -MT"src/testperiph.o" -o "src/testperiph.o" "../src/testperiph.c"
Finished building: ../src/testperiph.c
 
Building file: ../src/xdevcfg_selftest_example.c
Invoking: ARM v7 gcc compiler
arm-none-eabi-gcc -Wall -O0 -g3 -c -fmessage-length=0 -MT"src/xdevcfg_selftest_example.o" -mcpu=cortex-a9 -mfpu=vfpv3 -mfloat-abi=hard -I../../standalone_bsp_1/ps7_cortexa9_0/include -MMD -MP -MF"src/xdevcfg_selftest_example.d" -MT"src/xdevcfg_selftest_example.o" -o "src/xdevcfg_selftest_example.o" "../src/xdevcfg_selftest_example.c"
Finished building: ../src/xdevcfg_selftest_example.c
 
Building file: ../src/xdmaps_example_w_intr.c
Invoking: ARM v7 gcc compiler
arm-none-eabi-gcc -Wall -O0 -g3 -c -fmessage-length=0 -MT"src/xdmaps_example_w_intr.o" -mcpu=cortex-a9 -mfpu=vfpv3 -mfloat-abi=hard -I../../standalone_bsp_1/ps7_cortexa9_0/include -MMD -MP -MF"src/xdmaps_example_w_intr.d" -MT"src/xdmaps_example_w_intr.o" -o "src/xdmaps_example_w_intr.o" "../src/xdmaps_example_w_intr.c"
Finished building: ../src/xdmaps_example_w_intr.c
 
Building file: ../src/xemacps_example_intr_dma.c
Invoking: ARM v7 gcc compiler
arm-none-eabi-gcc -Wall -O0 -g3 -c -fmessage-length=0 -MT"src/xemacps_example_intr_dma.o" -mcpu=cortex-a9 -mfpu=vfpv3 -mfloat-abi=hard -I../../standalone_bsp_1/ps7_cortexa9_0/include -MMD -MP -MF"src/xemacps_example_intr_dma.d" -MT"src/xemacps_example_intr_dma.o" -o "src/xemacps_example_intr_dma.o" "../src/xemacps_example_intr_dma.c"
../src/xemacps_example_intr_dma.c: In function ‘XEmacPsClkSetup’:
../src/xemacps_example_intr_dma.c:1294:6: warning: unused variable ‘CrlApbClkCntrl’ [-Wunused-variable]
  u32 CrlApbClkCntrl;
      ^
Finished building: ../src/xemacps_example_intr_dma.c
 
Building file: ../src/xemacps_example_util.c
Invoking: ARM v7 gcc compiler
arm-none-eabi-gcc -Wall -O0 -g3 -c -fmessage-length=0 -MT"src/xemacps_example_util.o" -mcpu=cortex-a9 -mfpu=vfpv3 -mfloat-abi=hard -I../../standalone_bsp_1/ps7_cortexa9_0/include -MMD -MP -MF"src/xemacps_example_util.d" -MT"src/xemacps_example_util.o" -o "src/xemacps_example_util.o" "../src/xemacps_example_util.c"
../src/xemacps_example_util.c: In function ‘EmacPsUtilMicrelPhyLoopback’:
../src/xemacps_example_util.c:708:2: warning: format ‘%u’ expects argument of type ‘unsigned int’, but argument 2 has type ‘u32’ [-Wformat=]
  printf("phy port %u reg %u before speed config: %#010x \n\r", PhyAddr, RegAddr, test);
  ^
../src/xemacps_example_util.c:708:2: warning: format ‘%u’ expects argument of type ‘unsigned int’, but argument 3 has type ‘u32’ [-Wformat=]
../src/xemacps_example_util.c:708:2: warning: format ‘%u’ expects argument of type ‘unsigned int’, but argument 2 has type ‘u32’ [-Wformat=]
../src/xemacps_example_util.c:708:2: warning: format ‘%u’ expects argument of type ‘unsigned int’, but argument 3 has type ‘u32’ [-Wformat=]
../src/xemacps_example_util.c:726:2: warning: format ‘%u’ expects argument of type ‘unsigned int’, but argument 2 has type ‘u32’ [-Wformat=]
  printf("phy port %u reg %u after reset: %#010x \n\r", PhyAddr, RegAddr, PhyReg0);
  ^
../src/xemacps_example_util.c:726:2: warning: format ‘%u’ expects argument of type ‘unsigned int’, but argument 3 has type ‘u32’ [-Wformat=]
../src/xemacps_example_util.c:726:2: warning: format ‘%u’ expects argument of type ‘unsigned int’, but argument 2 has type ‘u32’ [-Wformat=]
../src/xemacps_example_util.c:726:2: warning: format ‘%u’ expects argument of type ‘unsigned int’, but argument 3 has type ‘u32’ [-Wformat=]
../src/xemacps_example_util.c:740:3: warning: format ‘%u’ expects argument of type ‘unsigned int’, but argument 2 has type ‘u32’ [-Wformat=]
   printf("PHY %u reset\n\r", i);
   ^
../src/xemacps_example_util.c:740:3: warning: format ‘%u’ expects argument of type ‘unsigned int’, but argument 2 has type ‘u32’ [-Wformat=]
../src/xemacps_example_util.c:761:2: warning: format ‘%u’ expects argument of type ‘unsigned int’, but argument 2 has type ‘u32’ [-Wformat=]
  printf("written phy port %u reg %u : %#010x \n\r", PhyAddr, RegAddr, PhyReg0);
  ^
../src/xemacps_example_util.c:761:2: warning: format ‘%u’ expects argument of type ‘unsigned int’, but argument 3 has type ‘u32’ [-Wformat=]
../src/xemacps_example_util.c:761:2: warning: format ‘%u’ expects argument of type ‘unsigned int’, but argument 2 has type ‘u32’ [-Wformat=]
../src/xemacps_example_util.c:761:2: warning: format ‘%u’ expects argument of type ‘unsigned int’, but argument 3 has type ‘u32’ [-Wformat=]
../src/xemacps_example_util.c:767:2: warning: format ‘%u’ expects argument of type ‘unsigned int’, but argument 2 has type ‘u32’ [-Wformat=]
  printf("phy port %u reg %u : %#010x \n\r", PhyAddr, RegAddr, PhyReg0);
  ^
../src/xemacps_example_util.c:767:2: warning: format ‘%u’ expects argument of type ‘unsigned int’, but argument 3 has type ‘u32’ [-Wformat=]
../src/xemacps_example_util.c:767:2: warning: format ‘%u’ expects argument of type ‘unsigned int’, but argument 2 has type ‘u32’ [-Wformat=]
../src/xemacps_example_util.c:767:2: warning: format ‘%u’ expects argument of type ‘unsigned int’, but argument 3 has type ‘u32’ [-Wformat=]
../src/xemacps_example_util.c:676:6: warning: unused variable ‘PhyReg1’ [-Wunused-variable]
  u16 PhyReg1  = 0;
      ^
../src/xemacps_example_util.c: In function ‘EmacPsUtilEnterLoopback’:
../src/xemacps_example_util.c:814:4: warning: format ‘%u’ expects argument of type ‘unsigned int’, but argument 2 has type ‘u32’ [-Wformat=]
    printf("phy port %u reg %u : %#010x \n\r",j, i, PhyIdentity);
    ^
../src/xemacps_example_util.c:814:4: warning: format ‘%u’ expects argument of type ‘unsigned int’, but argument 3 has type ‘u32’ [-Wformat=]
../src/xemacps_example_util.c:814:4: warning: format ‘%u’ expects argument of type ‘unsigned int’, but argument 2 has type ‘u32’ [-Wformat=]
../src/xemacps_example_util.c:814:4: warning: format ‘%u’ expects argument of type ‘unsigned int’, but argument 3 has type ‘u32’ [-Wformat=]
Finished building: ../src/xemacps_example_util.c
 
Building file: ../src/xiicps_selftest_example.c
Invoking: ARM v7 gcc compiler
arm-none-eabi-gcc -Wall -O0 -g3 -c -fmessage-length=0 -MT"src/xiicps_selftest_example.o" -mcpu=cortex-a9 -mfpu=vfpv3 -mfloat-abi=hard -I../../standalone_bsp_1/ps7_cortexa9_0/include -MMD -MP -MF"src/xiicps_selftest_example.d" -MT"src/xiicps_selftest_example.o" -o "src/xiicps_selftest_example.o" "../src/xiicps_selftest_example.c"
Finished building: ../src/xiicps_selftest_example.c
 
Building file: ../src/xqspips_selftest_example.c
Invoking: ARM v7 gcc compiler
arm-none-eabi-gcc -Wall -O0 -g3 -c -fmessage-length=0 -MT"src/xqspips_selftest_example.o" -mcpu=cortex-a9 -mfpu=vfpv3 -mfloat-abi=hard -I../../standalone_bsp_1/ps7_cortexa9_0/include -MMD -MP -MF"src/xqspips_selftest_example.d" -MT"src/xqspips_selftest_example.o" -o "src/xqspips_selftest_example.o" "../src/xqspips_selftest_example.c"
Finished building: ../src/xqspips_selftest_example.c
 
Building file: ../src/xscugic_tapp_example.c
Invoking: ARM v7 gcc compiler
arm-none-eabi-gcc -Wall -O0 -g3 -c -fmessage-length=0 -MT"src/xscugic_tapp_example.o" -mcpu=cortex-a9 -mfpu=vfpv3 -mfloat-abi=hard -I../../standalone_bsp_1/ps7_cortexa9_0/include -MMD -MP -MF"src/xscugic_tapp_example.d" -MT"src/xscugic_tapp_example.o" -o "src/xscugic_tapp_example.o" "../src/xscugic_tapp_example.c"
Finished building: ../src/xscugic_tapp_example.c
 
Building file: ../src/xscutimer_intr_example.c
Invoking: ARM v7 gcc compiler
arm-none-eabi-gcc -Wall -O0 -g3 -c -fmessage-length=0 -MT"src/xscutimer_intr_example.o" -mcpu=cortex-a9 -mfpu=vfpv3 -mfloat-abi=hard -I../../standalone_bsp_1/ps7_cortexa9_0/include -MMD -MP -MF"src/xscutimer_intr_example.d" -MT"src/xscutimer_intr_example.o" -o "src/xscutimer_intr_example.o" "../src/xscutimer_intr_example.c"
Finished building: ../src/xscutimer_intr_example.c
 
Building file: ../src/xscutimer_polled_example.c
Invoking: ARM v7 gcc compiler
arm-none-eabi-gcc -Wall -O0 -g3 -c -fmessage-length=0 -MT"src/xscutimer_polled_example.o" -mcpu=cortex-a9 -mfpu=vfpv3 -mfloat-abi=hard -I../../standalone_bsp_1/ps7_cortexa9_0/include -MMD -MP -MF"src/xscutimer_polled_example.d" -MT"src/xscutimer_polled_example.o" -o "src/xscutimer_polled_example.o" "../src/xscutimer_polled_example.c"
Finished building: ../src/xscutimer_polled_example.c
 
Building file: ../src/xscuwdt_intr_example.c
Invoking: ARM v7 gcc compiler
arm-none-eabi-gcc -Wall -O0 -g3 -c -fmessage-length=0 -MT"src/xscuwdt_intr_example.o" -mcpu=cortex-a9 -mfpu=vfpv3 -mfloat-abi=hard -I../../standalone_bsp_1/ps7_cortexa9_0/include -MMD -MP -MF"src/xscuwdt_intr_example.d" -MT"src/xscuwdt_intr_example.o" -o "src/xscuwdt_intr_example.o" "../src/xscuwdt_intr_example.c"
Finished building: ../src/xscuwdt_intr_example.c
 
Building file: ../src/xttcps_tapp_example.c
Invoking: ARM v7 gcc compiler
arm-none-eabi-gcc -Wall -O0 -g3 -c -fmessage-length=0 -MT"src/xttcps_tapp_example.o" -mcpu=cortex-a9 -mfpu=vfpv3 -mfloat-abi=hard -I../../standalone_bsp_1/ps7_cortexa9_0/include -MMD -MP -MF"src/xttcps_tapp_example.d" -MT"src/xttcps_tapp_example.o" -o "src/xttcps_tapp_example.o" "../src/xttcps_tapp_example.c"
Finished building: ../src/xttcps_tapp_example.c
 
Building target: FASEC_Periph-test.elf
Invoking: ARM v7 gcc linker
arm-none-eabi-gcc -mcpu=cortex-a9 -mfpu=vfpv3 -mfloat-abi=hard -Wl,-build-id=none -specs=Xilinx.spec -Wl,-T -Wl,../src/lscript.ld -L../../standalone_bsp_1/ps7_cortexa9_0/lib -o "FASEC_Periph-test.elf"  ./src/testperiph.o ./src/xdevcfg_selftest_example.o ./src/xdmaps_example_w_intr.o ./src/xemacps_example_intr_dma.o ./src/xemacps_example_util.o ./src/xiicps_selftest_example.o ./src/xqspips_selftest_example.o ./src/xscugic_tapp_example.o ./src/xscutimer_intr_example.o ./src/xscutimer_polled_example.o ./src/xscuwdt_intr_example.o ./src/xttcps_tapp_example.o   -Wl,--start-group,-lxil,-lgcc,-lc,--end-group
Finished building target: FASEC_Periph-test.elf
 
Invoking: ARM v7 Print Size
arm-none-eabi-size FASEC_Periph-test.elf  |tee "FASEC_Periph-test.elf.size"
   text	   data	    bss	    dec	    hex	filename
 130092	   4376	  55376	 189844	  2e594	FASEC_Periph-test.elf
Finished building: FASEC_Periph-test.elf.size
 
18:19:46 **** Clean-only build of project standalone_bsp_1 ****
make -k clean 
rm -f ps7_cortexa9_0/lib/libxil.a
18:19:47 **** Clean-only build of configuration Debug for project FASEC_Periph-test ****
make clean 
rm -rf  ./src/testperiph.o ./src/xdevcfg_selftest_example.o ./src/xdmaps_example_w_intr.o ./src/xemacps_example_intr_dma.o ./src/xemacps_example_util.o ./src/xiicps_selftest_example.o ./src/xqspips_selftest_example.o ./src/xscugic_tapp_example.o ./src/xscutimer_intr_example.o ./src/xscutimer_polled_example.o ./src/xscuwdt_intr_example.o ./src/xttcps_tapp_example.o  ./src/testperiph.d ./src/xdevcfg_selftest_example.d ./src/xdmaps_example_w_intr.d ./src/xemacps_example_intr_dma.d ./src/xemacps_example_util.d ./src/xiicps_selftest_example.d ./src/xqspips_selftest_example.d ./src/xscugic_tapp_example.d ./src/xscutimer_intr_example.d ./src/xscutimer_polled_example.d ./src/xscuwdt_intr_example.d ./src/xttcps_tapp_example.d  FASEC_Periph-test.elf.size  FASEC_Periph-test.elf
 
18:19:47 **** Clean-only build of configuration Debug for project FASEC_SFP-Periph-test ****
make clean 
rm -rf  ./src/testperiph.o ./src/xdevcfg_selftest_example.o ./src/xdmaps_example_w_intr.o ./src/xemacps_example_intr_dma.o ./src/xemacps_example_util.o ./src/xiicps_selftest_example.o ./src/xqspips_selftest_example.o ./src/xscugic_tapp_example.o ./src/xscutimer_intr_example.o ./src/xscutimer_polled_example.o ./src/xscuwdt_intr_example.o ./src/xttcps_tapp_example.o  ./src/testperiph.d ./src/xdevcfg_selftest_example.d ./src/xdmaps_example_w_intr.d ./src/xemacps_example_intr_dma.d ./src/xemacps_example_util.d ./src/xiicps_selftest_example.d ./src/xqspips_selftest_example.d ./src/xscugic_tapp_example.d ./src/xscutimer_intr_example.d ./src/xscutimer_polled_example.d ./src/xscuwdt_intr_example.d ./src/xttcps_tapp_example.d  FASEC_SFP-Periph-test.elf.size  FASEC_SFP-Periph-test.elf
 
18:20:53 **** Build of project standalone_bsp_1 ****
make -k all 
Running Make include in ps7_cortexa9_0/libsrc/qspips_v3_3/src
make -C ps7_cortexa9_0/libsrc/qspips_v3_3/src -s include  "SHELL=/bin/sh" "COMPILER=arm-none-eabi-gcc" "ARCHIVER=arm-none-eabi-ar" "COMPILER_FLAGS=  -O2 -c" "EXTRA_COMPILER_FLAGS=-mcpu=cortex-a9 -mfpu=vfpv3 -mfloat-abi=hard -nostartfiles"
Running Make include in ps7_cortexa9_0/libsrc/ddrps_v1_0/src
make -C ps7_cortexa9_0/libsrc/ddrps_v1_0/src -s include  "SHELL=/bin/sh" "COMPILER=arm-none-eabi-gcc" "ARCHIVER=arm-none-eabi-ar" "COMPILER_FLAGS=  -O2 -c" "EXTRA_COMPILER_FLAGS=-mcpu=cortex-a9 -mfpu=vfpv3 -mfloat-abi=hard -nostartfiles"
Running Make include in ps7_cortexa9_0/libsrc/axi_wb_i2c_master_v1_0/src
make -C ps7_cortexa9_0/libsrc/axi_wb_i2c_master_v1_0/src -s include  "SHELL=/bin/sh" "COMPILER=arm-none-eabi-gcc" "ARCHIVER=arm-none-eabi-ar" "COMPILER_FLAGS=  -O2 -c" "EXTRA_COMPILER_FLAGS=-mcpu=cortex-a9 -mfpu=vfpv3 -mfloat-abi=hard -nostartfiles"
Running Make include in ps7_cortexa9_0/libsrc/cpu_cortexa9_v2_2/src
make -C ps7_cortexa9_0/libsrc/cpu_cortexa9_v2_2/src -s include  "SHELL=/bin/sh" "COMPILER=arm-none-eabi-gcc" "ARCHIVER=arm-none-eabi-ar" "COMPILER_FLAGS=  -O2 -c" "EXTRA_COMPILER_FLAGS=-mcpu=cortex-a9 -mfpu=vfpv3 -mfloat-abi=hard -nostartfiles"
Running Make include in ps7_cortexa9_0/libsrc/sdps_v2_8/src
make -C ps7_cortexa9_0/libsrc/sdps_v2_8/src -s include  "SHELL=/bin/sh" "COMPILER=arm-none-eabi-gcc" "ARCHIVER=arm-none-eabi-ar" "COMPILER_FLAGS=  -O2 -c" "EXTRA_COMPILER_FLAGS=-mcpu=cortex-a9 -mfpu=vfpv3 -mfloat-abi=hard -nostartfiles"
Running Make include in ps7_cortexa9_0/libsrc/emacps_v3_2/src
make -C ps7_cortexa9_0/libsrc/emacps_v3_2/src -s include  "SHELL=/bin/sh" "COMPILER=arm-none-eabi-gcc" "ARCHIVER=arm-none-eabi-ar" "COMPILER_FLAGS=  -O2 -c" "EXTRA_COMPILER_FLAGS=-mcpu=cortex-a9 -mfpu=vfpv3 -mfloat-abi=hard -nostartfiles"
Running Make include in ps7_cortexa9_0/libsrc/uartps_v3_1/src
make -C ps7_cortexa9_0/libsrc/uartps_v3_1/src -s include  "SHELL=/bin/sh" "COMPILER=arm-none-eabi-gcc" "ARCHIVER=arm-none-eabi-ar" "COMPILER_FLAGS=  -O2 -c" "EXTRA_COMPILER_FLAGS=-mcpu=cortex-a9 -mfpu=vfpv3 -mfloat-abi=hard -nostartfiles"
Running Make include in ps7_cortexa9_0/libsrc/scugic_v3_3/src
make -C ps7_cortexa9_0/libsrc/scugic_v3_3/src -s include  "SHELL=/bin/sh" "COMPILER=arm-none-eabi-gcc" "ARCHIVER=arm-none-eabi-ar" "COMPILER_FLAGS=  -O2 -c" "EXTRA_COMPILER_FLAGS=-mcpu=cortex-a9 -mfpu=vfpv3 -mfloat-abi=hard -nostartfiles"
Running Make include in ps7_cortexa9_0/libsrc/iicps_v3_2/src
make -C ps7_cortexa9_0/libsrc/iicps_v3_2/src -s include  "SHELL=/bin/sh" "COMPILER=arm-none-eabi-gcc" "ARCHIVER=arm-none-eabi-ar" "COMPILER_FLAGS=  -O2 -c" "EXTRA_COMPILER_FLAGS=-mcpu=cortex-a9 -mfpu=vfpv3 -mfloat-abi=hard -nostartfiles"
Running Make include in ps7_cortexa9_0/libsrc/devcfg_v3_4/src
make -C ps7_cortexa9_0/libsrc/devcfg_v3_4/src -s include  "SHELL=/bin/sh" "COMPILER=arm-none-eabi-gcc" "ARCHIVER=arm-none-eabi-ar" "COMPILER_FLAGS=  -O2 -c" "EXTRA_COMPILER_FLAGS=-mcpu=cortex-a9 -mfpu=vfpv3 -mfloat-abi=hard -nostartfiles"
Running Make include in ps7_cortexa9_0/libsrc/dmaps_v2_1/src
make -C ps7_cortexa9_0/libsrc/dmaps_v2_1/src -s include  "SHELL=/bin/sh" "COMPILER=arm-none-eabi-gcc" "ARCHIVER=arm-none-eabi-ar" "COMPILER_FLAGS=  -O2 -c" "EXTRA_COMPILER_FLAGS=-mcpu=cortex-a9 -mfpu=vfpv3 -mfloat-abi=hard -nostartfiles"
Running Make include in ps7_cortexa9_0/libsrc/gpiops_v3_1/src
make -C ps7_cortexa9_0/libsrc/gpiops_v3_1/src -s include  "SHELL=/bin/sh" "COMPILER=arm-none-eabi-gcc" "ARCHIVER=arm-none-eabi-ar" "COMPILER_FLAGS=  -O2 -c" "EXTRA_COMPILER_FLAGS=-mcpu=cortex-a9 -mfpu=vfpv3 -mfloat-abi=hard -nostartfiles"
Running Make include in ps7_cortexa9_0/libsrc/scuwdt_v2_1/src
make -C ps7_cortexa9_0/libsrc/scuwdt_v2_1/src -s include  "SHELL=/bin/sh" "COMPILER=arm-none-eabi-gcc" "ARCHIVER=arm-none-eabi-ar" "COMPILER_FLAGS=  -O2 -c" "EXTRA_COMPILER_FLAGS=-mcpu=cortex-a9 -mfpu=vfpv3 -mfloat-abi=hard -nostartfiles"
Running Make include in ps7_cortexa9_0/libsrc/ttcps_v3_1/src
make -C ps7_cortexa9_0/libsrc/ttcps_v3_1/src -s include  "SHELL=/bin/sh" "COMPILER=arm-none-eabi-gcc" "ARCHIVER=arm-none-eabi-ar" "COMPILER_FLAGS=  -O2 -c" "EXTRA_COMPILER_FLAGS=-mcpu=cortex-a9 -mfpu=vfpv3 -mfloat-abi=hard -nostartfiles"
Running Make include in ps7_cortexa9_0/libsrc/coresightps_dcc_v1_2/src
make -C ps7_cortexa9_0/libsrc/coresightps_dcc_v1_2/src -s include  "SHELL=/bin/sh" "COMPILER=arm-none-eabi-gcc" "ARCHIVER=arm-none-eabi-ar" "COMPILER_FLAGS=  -O2 -c" "EXTRA_COMPILER_FLAGS=-mcpu=cortex-a9 -mfpu=vfpv3 -mfloat-abi=hard -nostartfiles"
Running Make include in ps7_cortexa9_0/libsrc/standalone_v5_5/src
make -C ps7_cortexa9_0/libsrc/standalone_v5_5/src -s include  "SHELL=/bin/sh" "COMPILER=arm-none-eabi-gcc" "ARCHIVER=arm-none-eabi-ar" "COMPILER_FLAGS=  -O2 -c" "EXTRA_COMPILER_FLAGS=-mcpu=cortex-a9 -mfpu=vfpv3 -mfloat-abi=hard -nostartfiles"
Running Make include in ps7_cortexa9_0/libsrc/xadcps_v2_2/src
make -C ps7_cortexa9_0/libsrc/xadcps_v2_2/src -s include  "SHELL=/bin/sh" "COMPILER=arm-none-eabi-gcc" "ARCHIVER=arm-none-eabi-ar" "COMPILER_FLAGS=  -O2 -c" "EXTRA_COMPILER_FLAGS=-mcpu=cortex-a9 -mfpu=vfpv3 -mfloat-abi=hard -nostartfiles"
Running Make include in ps7_cortexa9_0/libsrc/scutimer_v2_1/src
make -C ps7_cortexa9_0/libsrc/scutimer_v2_1/src -s include  "SHELL=/bin/sh" "COMPILER=arm-none-eabi-gcc" "ARCHIVER=arm-none-eabi-ar" "COMPILER_FLAGS=  -O2 -c" "EXTRA_COMPILER_FLAGS=-mcpu=cortex-a9 -mfpu=vfpv3 -mfloat-abi=hard -nostartfiles"
Running Make libs in ps7_cortexa9_0/libsrc/qspips_v3_3/src
make -C ps7_cortexa9_0/libsrc/qspips_v3_3/src -s libs  "SHELL=/bin/sh" "COMPILER=arm-none-eabi-gcc" "ARCHIVER=arm-none-eabi-ar" "COMPILER_FLAGS=  -O2 -c" "EXTRA_COMPILER_FLAGS=-mcpu=cortex-a9 -mfpu=vfpv3 -mfloat-abi=hard -nostartfiles"
Compiling qspips
arm-none-eabi-ar: creating ../../../lib/libxil.a
Running Make libs in ps7_cortexa9_0/libsrc/ddrps_v1_0/src
make -C ps7_cortexa9_0/libsrc/ddrps_v1_0/src -s libs  "SHELL=/bin/sh" "COMPILER=arm-none-eabi-gcc" "ARCHIVER=arm-none-eabi-ar" "COMPILER_FLAGS=  -O2 -c" "EXTRA_COMPILER_FLAGS=-mcpu=cortex-a9 -mfpu=vfpv3 -mfloat-abi=hard -nostartfiles"
Compiling ddrps
Running Make libs in ps7_cortexa9_0/libsrc/axi_wb_i2c_master_v1_0/src
make -C ps7_cortexa9_0/libsrc/axi_wb_i2c_master_v1_0/src -s libs  "SHELL=/bin/sh" "COMPILER=arm-none-eabi-gcc" "ARCHIVER=arm-none-eabi-ar" "COMPILER_FLAGS=  -O2 -c" "EXTRA_COMPILER_FLAGS=-mcpu=cortex-a9 -mfpu=vfpv3 -mfloat-abi=hard -nostartfiles"
Compiling axi_wb_i2c_master...
Running Make libs in ps7_cortexa9_0/libsrc/cpu_cortexa9_v2_2/src
make -C ps7_cortexa9_0/libsrc/cpu_cortexa9_v2_2/src -s libs  "SHELL=/bin/sh" "COMPILER=arm-none-eabi-gcc" "ARCHIVER=arm-none-eabi-ar" "COMPILER_FLAGS=  -O2 -c" "EXTRA_COMPILER_FLAGS=-mcpu=cortex-a9 -mfpu=vfpv3 -mfloat-abi=hard -nostartfiles"
Compiling cpu_cortexa9
Running Make libs in ps7_cortexa9_0/libsrc/sdps_v2_8/src
make -C ps7_cortexa9_0/libsrc/sdps_v2_8/src -s libs  "SHELL=/bin/sh" "COMPILER=arm-none-eabi-gcc" "ARCHIVER=arm-none-eabi-ar" "COMPILER_FLAGS=  -O2 -c" "EXTRA_COMPILER_FLAGS=-mcpu=cortex-a9 -mfpu=vfpv3 -mfloat-abi=hard -nostartfiles"
Compiling sdps
Running Make libs in ps7_cortexa9_0/libsrc/emacps_v3_2/src
make -C ps7_cortexa9_0/libsrc/emacps_v3_2/src -s libs  "SHELL=/bin/sh" "COMPILER=arm-none-eabi-gcc" "ARCHIVER=arm-none-eabi-ar" "COMPILER_FLAGS=  -O2 -c" "EXTRA_COMPILER_FLAGS=-mcpu=cortex-a9 -mfpu=vfpv3 -mfloat-abi=hard -nostartfiles"
Compiling emacps
Running Make libs in ps7_cortexa9_0/libsrc/uartps_v3_1/src
make -C ps7_cortexa9_0/libsrc/uartps_v3_1/src -s libs  "SHELL=/bin/sh" "COMPILER=arm-none-eabi-gcc" "ARCHIVER=arm-none-eabi-ar" "COMPILER_FLAGS=  -O2 -c" "EXTRA_COMPILER_FLAGS=-mcpu=cortex-a9 -mfpu=vfpv3 -mfloat-abi=hard -nostartfiles"
Compiling uartps
Running Make libs in ps7_cortexa9_0/libsrc/scugic_v3_3/src
make -C ps7_cortexa9_0/libsrc/scugic_v3_3/src -s libs  "SHELL=/bin/sh" "COMPILER=arm-none-eabi-gcc" "ARCHIVER=arm-none-eabi-ar" "COMPILER_FLAGS=  -O2 -c" "EXTRA_COMPILER_FLAGS=-mcpu=cortex-a9 -mfpu=vfpv3 -mfloat-abi=hard -nostartfiles"
Compiling scugic
Running Make libs in ps7_cortexa9_0/libsrc/iicps_v3_2/src
make -C ps7_cortexa9_0/libsrc/iicps_v3_2/src -s libs  "SHELL=/bin/sh" "COMPILER=arm-none-eabi-gcc" "ARCHIVER=arm-none-eabi-ar" "COMPILER_FLAGS=  -O2 -c" "EXTRA_COMPILER_FLAGS=-mcpu=cortex-a9 -mfpu=vfpv3 -mfloat-abi=hard -nostartfiles"
Compiling iicps
Running Make libs in ps7_cortexa9_0/libsrc/devcfg_v3_4/src
make -C ps7_cortexa9_0/libsrc/devcfg_v3_4/src -s libs  "SHELL=/bin/sh" "COMPILER=arm-none-eabi-gcc" "ARCHIVER=arm-none-eabi-ar" "COMPILER_FLAGS=  -O2 -c" "EXTRA_COMPILER_FLAGS=-mcpu=cortex-a9 -mfpu=vfpv3 -mfloat-abi=hard -nostartfiles"
Compiling devcfg
Running Make libs in ps7_cortexa9_0/libsrc/dmaps_v2_1/src
make -C ps7_cortexa9_0/libsrc/dmaps_v2_1/src -s libs  "SHELL=/bin/sh" "COMPILER=arm-none-eabi-gcc" "ARCHIVER=arm-none-eabi-ar" "COMPILER_FLAGS=  -O2 -c" "EXTRA_COMPILER_FLAGS=-mcpu=cortex-a9 -mfpu=vfpv3 -mfloat-abi=hard -nostartfiles"
Compiling dmaps
Running Make libs in ps7_cortexa9_0/libsrc/gpiops_v3_1/src
make -C ps7_cortexa9_0/libsrc/gpiops_v3_1/src -s libs  "SHELL=/bin/sh" "COMPILER=arm-none-eabi-gcc" "ARCHIVER=arm-none-eabi-ar" "COMPILER_FLAGS=  -O2 -c" "EXTRA_COMPILER_FLAGS=-mcpu=cortex-a9 -mfpu=vfpv3 -mfloat-abi=hard -nostartfiles"
Compiling gpiops
Running Make libs in ps7_cortexa9_0/libsrc/scuwdt_v2_1/src
make -C ps7_cortexa9_0/libsrc/scuwdt_v2_1/src -s libs  "SHELL=/bin/sh" "COMPILER=arm-none-eabi-gcc" "ARCHIVER=arm-none-eabi-ar" "COMPILER_FLAGS=  -O2 -c" "EXTRA_COMPILER_FLAGS=-mcpu=cortex-a9 -mfpu=vfpv3 -mfloat-abi=hard -nostartfiles"
Compiling scuwdt
Running Make libs in ps7_cortexa9_0/libsrc/ttcps_v3_1/src
make -C ps7_cortexa9_0/libsrc/ttcps_v3_1/src -s libs  "SHELL=/bin/sh" "COMPILER=arm-none-eabi-gcc" "ARCHIVER=arm-none-eabi-ar" "COMPILER_FLAGS=  -O2 -c" "EXTRA_COMPILER_FLAGS=-mcpu=cortex-a9 -mfpu=vfpv3 -mfloat-abi=hard -nostartfiles"
Compiling ttcps
Running Make libs in ps7_cortexa9_0/libsrc/coresightps_dcc_v1_2/src
make -C ps7_cortexa9_0/libsrc/coresightps_dcc_v1_2/src -s libs  "SHELL=/bin/sh" "COMPILER=arm-none-eabi-gcc" "ARCHIVER=arm-none-eabi-ar" "COMPILER_FLAGS=  -O2 -c" "EXTRA_COMPILER_FLAGS=-mcpu=cortex-a9 -mfpu=vfpv3 -mfloat-abi=hard -nostartfiles"
Compiling coresightps_dcc
Running Make libs in ps7_cortexa9_0/libsrc/standalone_v5_5/src
make -C ps7_cortexa9_0/libsrc/standalone_v5_5/src -s libs  "SHELL=/bin/sh" "COMPILER=arm-none-eabi-gcc" "ARCHIVER=arm-none-eabi-ar" "COMPILER_FLAGS=  -O2 -c" "EXTRA_COMPILER_FLAGS=-mcpu=cortex-a9 -mfpu=vfpv3 -mfloat-abi=hard -nostartfiles"
Compiling standalone
Running Make libs in ps7_cortexa9_0/libsrc/xadcps_v2_2/src
make -C ps7_cortexa9_0/libsrc/xadcps_v2_2/src -s libs  "SHELL=/bin/sh" "COMPILER=arm-none-eabi-gcc" "ARCHIVER=arm-none-eabi-ar" "COMPILER_FLAGS=  -O2 -c" "EXTRA_COMPILER_FLAGS=-mcpu=cortex-a9 -mfpu=vfpv3 -mfloat-abi=hard -nostartfiles"
Compiling xadcps
Running Make libs in ps7_cortexa9_0/libsrc/scutimer_v2_1/src
make -C ps7_cortexa9_0/libsrc/scutimer_v2_1/src -s libs  "SHELL=/bin/sh" "COMPILER=arm-none-eabi-gcc" "ARCHIVER=arm-none-eabi-ar" "COMPILER_FLAGS=  -O2 -c" "EXTRA_COMPILER_FLAGS=-mcpu=cortex-a9 -mfpu=vfpv3 -mfloat-abi=hard -nostartfiles"
Compiling scutimer
Finished building libraries
18:21:03 **** Build of configuration Debug for project FASEC_Periph-test ****
make pre-build main-build 
a9-linaro-pre-build-step
 
Building file: ../src/testperiph.c
Invoking: ARM v7 gcc compiler
arm-none-eabi-gcc -Wall -O0 -g3 -c -fmessage-length=0 -MT"src/testperiph.o" -mcpu=cortex-a9 -mfpu=vfpv3 -mfloat-abi=hard -I../../standalone_bsp_1/ps7_cortexa9_0/include -MMD -MP -MF"src/testperiph.d" -MT"src/testperiph.o" -o "src/testperiph.o" "../src/testperiph.c"
Finished building: ../src/testperiph.c
 
Building file: ../src/xdevcfg_selftest_example.c
Invoking: ARM v7 gcc compiler
arm-none-eabi-gcc -Wall -O0 -g3 -c -fmessage-length=0 -MT"src/xdevcfg_selftest_example.o" -mcpu=cortex-a9 -mfpu=vfpv3 -mfloat-abi=hard -I../../standalone_bsp_1/ps7_cortexa9_0/include -MMD -MP -MF"src/xdevcfg_selftest_example.d" -MT"src/xdevcfg_selftest_example.o" -o "src/xdevcfg_selftest_example.o" "../src/xdevcfg_selftest_example.c"
Finished building: ../src/xdevcfg_selftest_example.c
 
Building file: ../src/xdmaps_example_w_intr.c
Invoking: ARM v7 gcc compiler
arm-none-eabi-gcc -Wall -O0 -g3 -c -fmessage-length=0 -MT"src/xdmaps_example_w_intr.o" -mcpu=cortex-a9 -mfpu=vfpv3 -mfloat-abi=hard -I../../standalone_bsp_1/ps7_cortexa9_0/include -MMD -MP -MF"src/xdmaps_example_w_intr.d" -MT"src/xdmaps_example_w_intr.o" -o "src/xdmaps_example_w_intr.o" "../src/xdmaps_example_w_intr.c"
Finished building: ../src/xdmaps_example_w_intr.c
 
Building file: ../src/xemacps_example_intr_dma.c
Invoking: ARM v7 gcc compiler
arm-none-eabi-gcc -Wall -O0 -g3 -c -fmessage-length=0 -MT"src/xemacps_example_intr_dma.o" -mcpu=cortex-a9 -mfpu=vfpv3 -mfloat-abi=hard -I../../standalone_bsp_1/ps7_cortexa9_0/include -MMD -MP -MF"src/xemacps_example_intr_dma.d" -MT"src/xemacps_example_intr_dma.o" -o "src/xemacps_example_intr_dma.o" "../src/xemacps_example_intr_dma.c"
../src/xemacps_example_intr_dma.c: In function ‘XEmacPsClkSetup’:
../src/xemacps_example_intr_dma.c:1294:6: warning: unused variable ‘CrlApbClkCntrl’ [-Wunused-variable]
  u32 CrlApbClkCntrl;
      ^
Finished building: ../src/xemacps_example_intr_dma.c
 
Building file: ../src/xemacps_example_util.c
Invoking: ARM v7 gcc compiler
arm-none-eabi-gcc -Wall -O0 -g3 -c -fmessage-length=0 -MT"src/xemacps_example_util.o" -mcpu=cortex-a9 -mfpu=vfpv3 -mfloat-abi=hard -I../../standalone_bsp_1/ps7_cortexa9_0/include -MMD -MP -MF"src/xemacps_example_util.d" -MT"src/xemacps_example_util.o" -o "src/xemacps_example_util.o" "../src/xemacps_example_util.c"
../src/xemacps_example_util.c: In function ‘EmacPsUtilMicrelPhyLoopback’:
../src/xemacps_example_util.c:708:2: warning: format ‘%u’ expects argument of type ‘unsigned int’, but argument 2 has type ‘u32’ [-Wformat=]
  printf("phy port %u reg %u before speed config: %#010x \n\r", PhyAddr, RegAddr, test);
  ^
../src/xemacps_example_util.c:708:2: warning: format ‘%u’ expects argument of type ‘unsigned int’, but argument 3 has type ‘u32’ [-Wformat=]
../src/xemacps_example_util.c:708:2: warning: format ‘%u’ expects argument of type ‘unsigned int’, but argument 2 has type ‘u32’ [-Wformat=]
../src/xemacps_example_util.c:708:2: warning: format ‘%u’ expects argument of type ‘unsigned int’, but argument 3 has type ‘u32’ [-Wformat=]
../src/xemacps_example_util.c:726:2: warning: format ‘%u’ expects argument of type ‘unsigned int’, but argument 2 has type ‘u32’ [-Wformat=]
  printf("phy port %u reg %u after reset: %#010x \n\r", PhyAddr, RegAddr, PhyReg0);
  ^
../src/xemacps_example_util.c:726:2: warning: format ‘%u’ expects argument of type ‘unsigned int’, but argument 3 has type ‘u32’ [-Wformat=]
../src/xemacps_example_util.c:726:2: warning: format ‘%u’ expects argument of type ‘unsigned int’, but argument 2 has type ‘u32’ [-Wformat=]
../src/xemacps_example_util.c:726:2: warning: format ‘%u’ expects argument of type ‘unsigned int’, but argument 3 has type ‘u32’ [-Wformat=]
../src/xemacps_example_util.c:740:3: warning: format ‘%u’ expects argument of type ‘unsigned int’, but argument 2 has type ‘u32’ [-Wformat=]
   printf("PHY %u reset\n\r", i);
   ^
../src/xemacps_example_util.c:740:3: warning: format ‘%u’ expects argument of type ‘unsigned int’, but argument 2 has type ‘u32’ [-Wformat=]
../src/xemacps_example_util.c:761:2: warning: format ‘%u’ expects argument of type ‘unsigned int’, but argument 2 has type ‘u32’ [-Wformat=]
  printf("written phy port %u reg %u : %#010x \n\r", PhyAddr, RegAddr, PhyReg0);
  ^
../src/xemacps_example_util.c:761:2: warning: format ‘%u’ expects argument of type ‘unsigned int’, but argument 3 has type ‘u32’ [-Wformat=]
../src/xemacps_example_util.c:761:2: warning: format ‘%u’ expects argument of type ‘unsigned int’, but argument 2 has type ‘u32’ [-Wformat=]
../src/xemacps_example_util.c:761:2: warning: format ‘%u’ expects argument of type ‘unsigned int’, but argument 3 has type ‘u32’ [-Wformat=]
../src/xemacps_example_util.c:767:2: warning: format ‘%u’ expects argument of type ‘unsigned int’, but argument 2 has type ‘u32’ [-Wformat=]
  printf("phy port %u reg %u : %#010x \n\r", PhyAddr, RegAddr, PhyReg0);
  ^
../src/xemacps_example_util.c:767:2: warning: format ‘%u’ expects argument of type ‘unsigned int’, but argument 3 has type ‘u32’ [-Wformat=]
../src/xemacps_example_util.c:767:2: warning: format ‘%u’ expects argument of type ‘unsigned int’, but argument 2 has type ‘u32’ [-Wformat=]
../src/xemacps_example_util.c:767:2: warning: format ‘%u’ expects argument of type ‘unsigned int’, but argument 3 has type ‘u32’ [-Wformat=]
../src/xemacps_example_util.c:676:6: warning: unused variable ‘PhyReg1’ [-Wunused-variable]
  u16 PhyReg1  = 0;
      ^
../src/xemacps_example_util.c: In function ‘EmacPsUtilEnterLoopback’:
../src/xemacps_example_util.c:814:4: warning: format ‘%u’ expects argument of type ‘unsigned int’, but argument 2 has type ‘u32’ [-Wformat=]
    printf("phy port %u reg %u : %#010x \n\r",j, i, PhyIdentity);
    ^
../src/xemacps_example_util.c:814:4: warning: format ‘%u’ expects argument of type ‘unsigned int’, but argument 3 has type ‘u32’ [-Wformat=]
../src/xemacps_example_util.c:814:4: warning: format ‘%u’ expects argument of type ‘unsigned int’, but argument 2 has type ‘u32’ [-Wformat=]
../src/xemacps_example_util.c:814:4: warning: format ‘%u’ expects argument of type ‘unsigned int’, but argument 3 has type ‘u32’ [-Wformat=]
Finished building: ../src/xemacps_example_util.c
 
Building file: ../src/xiicps_selftest_example.c
Invoking: ARM v7 gcc compiler
arm-none-eabi-gcc -Wall -O0 -g3 -c -fmessage-length=0 -MT"src/xiicps_selftest_example.o" -mcpu=cortex-a9 -mfpu=vfpv3 -mfloat-abi=hard -I../../standalone_bsp_1/ps7_cortexa9_0/include -MMD -MP -MF"src/xiicps_selftest_example.d" -MT"src/xiicps_selftest_example.o" -o "src/xiicps_selftest_example.o" "../src/xiicps_selftest_example.c"
Finished building: ../src/xiicps_selftest_example.c
 
Building file: ../src/xqspips_selftest_example.c
Invoking: ARM v7 gcc compiler
arm-none-eabi-gcc -Wall -O0 -g3 -c -fmessage-length=0 -MT"src/xqspips_selftest_example.o" -mcpu=cortex-a9 -mfpu=vfpv3 -mfloat-abi=hard -I../../standalone_bsp_1/ps7_cortexa9_0/include -MMD -MP -MF"src/xqspips_selftest_example.d" -MT"src/xqspips_selftest_example.o" -o "src/xqspips_selftest_example.o" "../src/xqspips_selftest_example.c"
Finished building: ../src/xqspips_selftest_example.c
 
Building file: ../src/xscugic_tapp_example.c
Invoking: ARM v7 gcc compiler
arm-none-eabi-gcc -Wall -O0 -g3 -c -fmessage-length=0 -MT"src/xscugic_tapp_example.o" -mcpu=cortex-a9 -mfpu=vfpv3 -mfloat-abi=hard -I../../standalone_bsp_1/ps7_cortexa9_0/include -MMD -MP -MF"src/xscugic_tapp_example.d" -MT"src/xscugic_tapp_example.o" -o "src/xscugic_tapp_example.o" "../src/xscugic_tapp_example.c"
Finished building: ../src/xscugic_tapp_example.c
 
Building file: ../src/xscutimer_intr_example.c
Invoking: ARM v7 gcc compiler
arm-none-eabi-gcc -Wall -O0 -g3 -c -fmessage-length=0 -MT"src/xscutimer_intr_example.o" -mcpu=cortex-a9 -mfpu=vfpv3 -mfloat-abi=hard -I../../standalone_bsp_1/ps7_cortexa9_0/include -MMD -MP -MF"src/xscutimer_intr_example.d" -MT"src/xscutimer_intr_example.o" -o "src/xscutimer_intr_example.o" "../src/xscutimer_intr_example.c"
Finished building: ../src/xscutimer_intr_example.c
 
Building file: ../src/xscutimer_polled_example.c
Invoking: ARM v7 gcc compiler
arm-none-eabi-gcc -Wall -O0 -g3 -c -fmessage-length=0 -MT"src/xscutimer_polled_example.o" -mcpu=cortex-a9 -mfpu=vfpv3 -mfloat-abi=hard -I../../standalone_bsp_1/ps7_cortexa9_0/include -MMD -MP -MF"src/xscutimer_polled_example.d" -MT"src/xscutimer_polled_example.o" -o "src/xscutimer_polled_example.o" "../src/xscutimer_polled_example.c"
Finished building: ../src/xscutimer_polled_example.c
 
Building file: ../src/xscuwdt_intr_example.c
Invoking: ARM v7 gcc compiler
arm-none-eabi-gcc -Wall -O0 -g3 -c -fmessage-length=0 -MT"src/xscuwdt_intr_example.o" -mcpu=cortex-a9 -mfpu=vfpv3 -mfloat-abi=hard -I../../standalone_bsp_1/ps7_cortexa9_0/include -MMD -MP -MF"src/xscuwdt_intr_example.d" -MT"src/xscuwdt_intr_example.o" -o "src/xscuwdt_intr_example.o" "../src/xscuwdt_intr_example.c"
Finished building: ../src/xscuwdt_intr_example.c
 
Building file: ../src/xttcps_tapp_example.c
Invoking: ARM v7 gcc compiler
arm-none-eabi-gcc -Wall -O0 -g3 -c -fmessage-length=0 -MT"src/xttcps_tapp_example.o" -mcpu=cortex-a9 -mfpu=vfpv3 -mfloat-abi=hard -I../../standalone_bsp_1/ps7_cortexa9_0/include -MMD -MP -MF"src/xttcps_tapp_example.d" -MT"src/xttcps_tapp_example.o" -o "src/xttcps_tapp_example.o" "../src/xttcps_tapp_example.c"
Finished building: ../src/xttcps_tapp_example.c
 
Building target: FASEC_Periph-test.elf
Invoking: ARM v7 gcc linker
arm-none-eabi-gcc -mcpu=cortex-a9 -mfpu=vfpv3 -mfloat-abi=hard -Wl,-build-id=none -specs=Xilinx.spec -Wl,-T -Wl,../src/lscript.ld -L../../standalone_bsp_1/ps7_cortexa9_0/lib -o "FASEC_Periph-test.elf"  ./src/testperiph.o ./src/xdevcfg_selftest_example.o ./src/xdmaps_example_w_intr.o ./src/xemacps_example_intr_dma.o ./src/xemacps_example_util.o ./src/xiicps_selftest_example.o ./src/xqspips_selftest_example.o ./src/xscugic_tapp_example.o ./src/xscutimer_intr_example.o ./src/xscutimer_polled_example.o ./src/xscuwdt_intr_example.o ./src/xttcps_tapp_example.o   -Wl,--start-group,-lxil,-lgcc,-lc,--end-group
Finished building target: FASEC_Periph-test.elf
 
Invoking: ARM v7 Print Size
arm-none-eabi-size FASEC_Periph-test.elf  |tee "FASEC_Periph-test.elf.size"
   text	   data	    bss	    dec	    hex	filename
 130092	   4376	  55376	 189844	  2e594	FASEC_Periph-test.elf
Finished building: FASEC_Periph-test.elf.size
 
17:49:24 **** Clean-only build of project standalone_bsp_1 ****
make -k clean 
rm -f ps7_cortexa9_0/lib/libxil.a
17:49:24 **** Clean-only build of configuration Debug for project FASEC_Periph-test ****
make clean 
rm -rf  ./src/testperiph.o ./src/xdevcfg_selftest_example.o ./src/xdmaps_example_w_intr.o ./src/xemacps_example_intr_dma.o ./src/xemacps_example_util.o ./src/xiicps_selftest_example.o ./src/xqspips_selftest_example.o ./src/xscugic_tapp_example.o ./src/xscutimer_intr_example.o ./src/xscutimer_polled_example.o ./src/xscuwdt_intr_example.o ./src/xttcps_tapp_example.o  ./src/testperiph.d ./src/xdevcfg_selftest_example.d ./src/xdmaps_example_w_intr.d ./src/xemacps_example_intr_dma.d ./src/xemacps_example_util.d ./src/xiicps_selftest_example.d ./src/xqspips_selftest_example.d ./src/xscugic_tapp_example.d ./src/xscutimer_intr_example.d ./src/xscutimer_polled_example.d ./src/xscuwdt_intr_example.d ./src/xttcps_tapp_example.d  FASEC_Periph-test.elf.size  FASEC_Periph-test.elf
 
17:49:25 **** Clean-only build of configuration Debug for project FASEC_SFP-Periph-test ****
make clean 
rm -rf  ./src/testperiph.o ./src/xdevcfg_selftest_example.o ./src/xdmaps_example_w_intr.o ./src/xemacps_example_intr_dma.o ./src/xemacps_example_util.o ./src/xiicps_selftest_example.o ./src/xqspips_selftest_example.o ./src/xscugic_tapp_example.o ./src/xscutimer_intr_example.o ./src/xscutimer_polled_example.o ./src/xscuwdt_intr_example.o ./src/xttcps_tapp_example.o  ./src/testperiph.d ./src/xdevcfg_selftest_example.d ./src/xdmaps_example_w_intr.d ./src/xemacps_example_intr_dma.d ./src/xemacps_example_util.d ./src/xiicps_selftest_example.d ./src/xqspips_selftest_example.d ./src/xscugic_tapp_example.d ./src/xscutimer_intr_example.d ./src/xscutimer_polled_example.d ./src/xscuwdt_intr_example.d ./src/xttcps_tapp_example.d  FASEC_SFP-Periph-test.elf.size  FASEC_SFP-Periph-test.elf
 
17:49:43 **** Build of project standalone_bsp_1 ****
make -k all 
Running Make include in ps7_cortexa9_0/libsrc/qspips_v3_3/src
make -C ps7_cortexa9_0/libsrc/qspips_v3_3/src -s include  "SHELL=/bin/sh" "COMPILER=arm-none-eabi-gcc" "ARCHIVER=arm-none-eabi-ar" "COMPILER_FLAGS=  -O2 -c" "EXTRA_COMPILER_FLAGS=-mcpu=cortex-a9 -mfpu=vfpv3 -mfloat-abi=hard -nostartfiles"
Running Make include in ps7_cortexa9_0/libsrc/ddrps_v1_0/src
make -C ps7_cortexa9_0/libsrc/ddrps_v1_0/src -s include  "SHELL=/bin/sh" "COMPILER=arm-none-eabi-gcc" "ARCHIVER=arm-none-eabi-ar" "COMPILER_FLAGS=  -O2 -c" "EXTRA_COMPILER_FLAGS=-mcpu=cortex-a9 -mfpu=vfpv3 -mfloat-abi=hard -nostartfiles"
Running Make include in ps7_cortexa9_0/libsrc/axi_wb_i2c_master_v1_0/src
make -C ps7_cortexa9_0/libsrc/axi_wb_i2c_master_v1_0/src -s include  "SHELL=/bin/sh" "COMPILER=arm-none-eabi-gcc" "ARCHIVER=arm-none-eabi-ar" "COMPILER_FLAGS=  -O2 -c" "EXTRA_COMPILER_FLAGS=-mcpu=cortex-a9 -mfpu=vfpv3 -mfloat-abi=hard -nostartfiles"
Running Make include in ps7_cortexa9_0/libsrc/cpu_cortexa9_v2_2/src
make -C ps7_cortexa9_0/libsrc/cpu_cortexa9_v2_2/src -s include  "SHELL=/bin/sh" "COMPILER=arm-none-eabi-gcc" "ARCHIVER=arm-none-eabi-ar" "COMPILER_FLAGS=  -O2 -c" "EXTRA_COMPILER_FLAGS=-mcpu=cortex-a9 -mfpu=vfpv3 -mfloat-abi=hard -nostartfiles"
Running Make include in ps7_cortexa9_0/libsrc/sdps_v2_8/src
make -C ps7_cortexa9_0/libsrc/sdps_v2_8/src -s include  "SHELL=/bin/sh" "COMPILER=arm-none-eabi-gcc" "ARCHIVER=arm-none-eabi-ar" "COMPILER_FLAGS=  -O2 -c" "EXTRA_COMPILER_FLAGS=-mcpu=cortex-a9 -mfpu=vfpv3 -mfloat-abi=hard -nostartfiles"
Running Make include in ps7_cortexa9_0/libsrc/emacps_v3_2/src
make -C ps7_cortexa9_0/libsrc/emacps_v3_2/src -s include  "SHELL=/bin/sh" "COMPILER=arm-none-eabi-gcc" "ARCHIVER=arm-none-eabi-ar" "COMPILER_FLAGS=  -O2 -c" "EXTRA_COMPILER_FLAGS=-mcpu=cortex-a9 -mfpu=vfpv3 -mfloat-abi=hard -nostartfiles"
Running Make include in ps7_cortexa9_0/libsrc/uartps_v3_1/src
make -C ps7_cortexa9_0/libsrc/uartps_v3_1/src -s include  "SHELL=/bin/sh" "COMPILER=arm-none-eabi-gcc" "ARCHIVER=arm-none-eabi-ar" "COMPILER_FLAGS=  -O2 -c" "EXTRA_COMPILER_FLAGS=-mcpu=cortex-a9 -mfpu=vfpv3 -mfloat-abi=hard -nostartfiles"
Running Make include in ps7_cortexa9_0/libsrc/scugic_v3_3/src
make -C ps7_cortexa9_0/libsrc/scugic_v3_3/src -s include  "SHELL=/bin/sh" "COMPILER=arm-none-eabi-gcc" "ARCHIVER=arm-none-eabi-ar" "COMPILER_FLAGS=  -O2 -c" "EXTRA_COMPILER_FLAGS=-mcpu=cortex-a9 -mfpu=vfpv3 -mfloat-abi=hard -nostartfiles"
Running Make include in ps7_cortexa9_0/libsrc/iicps_v3_2/src
make -C ps7_cortexa9_0/libsrc/iicps_v3_2/src -s include  "SHELL=/bin/sh" "COMPILER=arm-none-eabi-gcc" "ARCHIVER=arm-none-eabi-ar" "COMPILER_FLAGS=  -O2 -c" "EXTRA_COMPILER_FLAGS=-mcpu=cortex-a9 -mfpu=vfpv3 -mfloat-abi=hard -nostartfiles"
Running Make include in ps7_cortexa9_0/libsrc/devcfg_v3_4/src
make -C ps7_cortexa9_0/libsrc/devcfg_v3_4/src -s include  "SHELL=/bin/sh" "COMPILER=arm-none-eabi-gcc" "ARCHIVER=arm-none-eabi-ar" "COMPILER_FLAGS=  -O2 -c" "EXTRA_COMPILER_FLAGS=-mcpu=cortex-a9 -mfpu=vfpv3 -mfloat-abi=hard -nostartfiles"
Running Make include in ps7_cortexa9_0/libsrc/dmaps_v2_1/src
make -C ps7_cortexa9_0/libsrc/dmaps_v2_1/src -s include  "SHELL=/bin/sh" "COMPILER=arm-none-eabi-gcc" "ARCHIVER=arm-none-eabi-ar" "COMPILER_FLAGS=  -O2 -c" "EXTRA_COMPILER_FLAGS=-mcpu=cortex-a9 -mfpu=vfpv3 -mfloat-abi=hard -nostartfiles"
Running Make include in ps7_cortexa9_0/libsrc/gpiops_v3_1/src
make -C ps7_cortexa9_0/libsrc/gpiops_v3_1/src -s include  "SHELL=/bin/sh" "COMPILER=arm-none-eabi-gcc" "ARCHIVER=arm-none-eabi-ar" "COMPILER_FLAGS=  -O2 -c" "EXTRA_COMPILER_FLAGS=-mcpu=cortex-a9 -mfpu=vfpv3 -mfloat-abi=hard -nostartfiles"
Running Make include in ps7_cortexa9_0/libsrc/scuwdt_v2_1/src
make -C ps7_cortexa9_0/libsrc/scuwdt_v2_1/src -s include  "SHELL=/bin/sh" "COMPILER=arm-none-eabi-gcc" "ARCHIVER=arm-none-eabi-ar" "COMPILER_FLAGS=  -O2 -c" "EXTRA_COMPILER_FLAGS=-mcpu=cortex-a9 -mfpu=vfpv3 -mfloat-abi=hard -nostartfiles"
Running Make include in ps7_cortexa9_0/libsrc/ttcps_v3_1/src
make -C ps7_cortexa9_0/libsrc/ttcps_v3_1/src -s include  "SHELL=/bin/sh" "COMPILER=arm-none-eabi-gcc" "ARCHIVER=arm-none-eabi-ar" "COMPILER_FLAGS=  -O2 -c" "EXTRA_COMPILER_FLAGS=-mcpu=cortex-a9 -mfpu=vfpv3 -mfloat-abi=hard -nostartfiles"
Running Make include in ps7_cortexa9_0/libsrc/coresightps_dcc_v1_2/src
make -C ps7_cortexa9_0/libsrc/coresightps_dcc_v1_2/src -s include  "SHELL=/bin/sh" "COMPILER=arm-none-eabi-gcc" "ARCHIVER=arm-none-eabi-ar" "COMPILER_FLAGS=  -O2 -c" "EXTRA_COMPILER_FLAGS=-mcpu=cortex-a9 -mfpu=vfpv3 -mfloat-abi=hard -nostartfiles"
Running Make include in ps7_cortexa9_0/libsrc/standalone_v5_5/src
make -C ps7_cortexa9_0/libsrc/standalone_v5_5/src -s include  "SHELL=/bin/sh" "COMPILER=arm-none-eabi-gcc" "ARCHIVER=arm-none-eabi-ar" "COMPILER_FLAGS=  -O2 -c" "EXTRA_COMPILER_FLAGS=-mcpu=cortex-a9 -mfpu=vfpv3 -mfloat-abi=hard -nostartfiles"
Running Make include in ps7_cortexa9_0/libsrc/xadcps_v2_2/src
make -C ps7_cortexa9_0/libsrc/xadcps_v2_2/src -s include  "SHELL=/bin/sh" "COMPILER=arm-none-eabi-gcc" "ARCHIVER=arm-none-eabi-ar" "COMPILER_FLAGS=  -O2 -c" "EXTRA_COMPILER_FLAGS=-mcpu=cortex-a9 -mfpu=vfpv3 -mfloat-abi=hard -nostartfiles"
Running Make include in ps7_cortexa9_0/libsrc/scutimer_v2_1/src
make -C ps7_cortexa9_0/libsrc/scutimer_v2_1/src -s include  "SHELL=/bin/sh" "COMPILER=arm-none-eabi-gcc" "ARCHIVER=arm-none-eabi-ar" "COMPILER_FLAGS=  -O2 -c" "EXTRA_COMPILER_FLAGS=-mcpu=cortex-a9 -mfpu=vfpv3 -mfloat-abi=hard -nostartfiles"
Running Make libs in ps7_cortexa9_0/libsrc/qspips_v3_3/src
make -C ps7_cortexa9_0/libsrc/qspips_v3_3/src -s libs  "SHELL=/bin/sh" "COMPILER=arm-none-eabi-gcc" "ARCHIVER=arm-none-eabi-ar" "COMPILER_FLAGS=  -O2 -c" "EXTRA_COMPILER_FLAGS=-mcpu=cortex-a9 -mfpu=vfpv3 -mfloat-abi=hard -nostartfiles"
Compiling qspips
arm-none-eabi-ar: creating ../../../lib/libxil.a
Running Make libs in ps7_cortexa9_0/libsrc/ddrps_v1_0/src
make -C ps7_cortexa9_0/libsrc/ddrps_v1_0/src -s libs  "SHELL=/bin/sh" "COMPILER=arm-none-eabi-gcc" "ARCHIVER=arm-none-eabi-ar" "COMPILER_FLAGS=  -O2 -c" "EXTRA_COMPILER_FLAGS=-mcpu=cortex-a9 -mfpu=vfpv3 -mfloat-abi=hard -nostartfiles"
Compiling ddrps
Running Make libs in ps7_cortexa9_0/libsrc/axi_wb_i2c_master_v1_0/src
make -C ps7_cortexa9_0/libsrc/axi_wb_i2c_master_v1_0/src -s libs  "SHELL=/bin/sh" "COMPILER=arm-none-eabi-gcc" "ARCHIVER=arm-none-eabi-ar" "COMPILER_FLAGS=  -O2 -c" "EXTRA_COMPILER_FLAGS=-mcpu=cortex-a9 -mfpu=vfpv3 -mfloat-abi=hard -nostartfiles"
Compiling axi_wb_i2c_master...
Running Make libs in ps7_cortexa9_0/libsrc/cpu_cortexa9_v2_2/src
make -C ps7_cortexa9_0/libsrc/cpu_cortexa9_v2_2/src -s libs  "SHELL=/bin/sh" "COMPILER=arm-none-eabi-gcc" "ARCHIVER=arm-none-eabi-ar" "COMPILER_FLAGS=  -O2 -c" "EXTRA_COMPILER_FLAGS=-mcpu=cortex-a9 -mfpu=vfpv3 -mfloat-abi=hard -nostartfiles"
Compiling cpu_cortexa9
Running Make libs in ps7_cortexa9_0/libsrc/sdps_v2_8/src
make -C ps7_cortexa9_0/libsrc/sdps_v2_8/src -s libs  "SHELL=/bin/sh" "COMPILER=arm-none-eabi-gcc" "ARCHIVER=arm-none-eabi-ar" "COMPILER_FLAGS=  -O2 -c" "EXTRA_COMPILER_FLAGS=-mcpu=cortex-a9 -mfpu=vfpv3 -mfloat-abi=hard -nostartfiles"
Compiling sdps
Running Make libs in ps7_cortexa9_0/libsrc/emacps_v3_2/src
make -C ps7_cortexa9_0/libsrc/emacps_v3_2/src -s libs  "SHELL=/bin/sh" "COMPILER=arm-none-eabi-gcc" "ARCHIVER=arm-none-eabi-ar" "COMPILER_FLAGS=  -O2 -c" "EXTRA_COMPILER_FLAGS=-mcpu=cortex-a9 -mfpu=vfpv3 -mfloat-abi=hard -nostartfiles"
Compiling emacps
Running Make libs in ps7_cortexa9_0/libsrc/uartps_v3_1/src
make -C ps7_cortexa9_0/libsrc/uartps_v3_1/src -s libs  "SHELL=/bin/sh" "COMPILER=arm-none-eabi-gcc" "ARCHIVER=arm-none-eabi-ar" "COMPILER_FLAGS=  -O2 -c" "EXTRA_COMPILER_FLAGS=-mcpu=cortex-a9 -mfpu=vfpv3 -mfloat-abi=hard -nostartfiles"
Compiling uartps
Running Make libs in ps7_cortexa9_0/libsrc/scugic_v3_3/src
make -C ps7_cortexa9_0/libsrc/scugic_v3_3/src -s libs  "SHELL=/bin/sh" "COMPILER=arm-none-eabi-gcc" "ARCHIVER=arm-none-eabi-ar" "COMPILER_FLAGS=  -O2 -c" "EXTRA_COMPILER_FLAGS=-mcpu=cortex-a9 -mfpu=vfpv3 -mfloat-abi=hard -nostartfiles"
Compiling scugic
Running Make libs in ps7_cortexa9_0/libsrc/iicps_v3_2/src
make -C ps7_cortexa9_0/libsrc/iicps_v3_2/src -s libs  "SHELL=/bin/sh" "COMPILER=arm-none-eabi-gcc" "ARCHIVER=arm-none-eabi-ar" "COMPILER_FLAGS=  -O2 -c" "EXTRA_COMPILER_FLAGS=-mcpu=cortex-a9 -mfpu=vfpv3 -mfloat-abi=hard -nostartfiles"
Compiling iicps
Running Make libs in ps7_cortexa9_0/libsrc/devcfg_v3_4/src
make -C ps7_cortexa9_0/libsrc/devcfg_v3_4/src -s libs  "SHELL=/bin/sh" "COMPILER=arm-none-eabi-gcc" "ARCHIVER=arm-none-eabi-ar" "COMPILER_FLAGS=  -O2 -c" "EXTRA_COMPILER_FLAGS=-mcpu=cortex-a9 -mfpu=vfpv3 -mfloat-abi=hard -nostartfiles"
Compiling devcfg
Running Make libs in ps7_cortexa9_0/libsrc/dmaps_v2_1/src
make -C ps7_cortexa9_0/libsrc/dmaps_v2_1/src -s libs  "SHELL=/bin/sh" "COMPILER=arm-none-eabi-gcc" "ARCHIVER=arm-none-eabi-ar" "COMPILER_FLAGS=  -O2 -c" "EXTRA_COMPILER_FLAGS=-mcpu=cortex-a9 -mfpu=vfpv3 -mfloat-abi=hard -nostartfiles"
Compiling dmaps
Running Make libs in ps7_cortexa9_0/libsrc/gpiops_v3_1/src
make -C ps7_cortexa9_0/libsrc/gpiops_v3_1/src -s libs  "SHELL=/bin/sh" "COMPILER=arm-none-eabi-gcc" "ARCHIVER=arm-none-eabi-ar" "COMPILER_FLAGS=  -O2 -c" "EXTRA_COMPILER_FLAGS=-mcpu=cortex-a9 -mfpu=vfpv3 -mfloat-abi=hard -nostartfiles"
Compiling gpiops
Running Make libs in ps7_cortexa9_0/libsrc/scuwdt_v2_1/src
make -C ps7_cortexa9_0/libsrc/scuwdt_v2_1/src -s libs  "SHELL=/bin/sh" "COMPILER=arm-none-eabi-gcc" "ARCHIVER=arm-none-eabi-ar" "COMPILER_FLAGS=  -O2 -c" "EXTRA_COMPILER_FLAGS=-mcpu=cortex-a9 -mfpu=vfpv3 -mfloat-abi=hard -nostartfiles"
Compiling scuwdt
Running Make libs in ps7_cortexa9_0/libsrc/ttcps_v3_1/src
make -C ps7_cortexa9_0/libsrc/ttcps_v3_1/src -s libs  "SHELL=/bin/sh" "COMPILER=arm-none-eabi-gcc" "ARCHIVER=arm-none-eabi-ar" "COMPILER_FLAGS=  -O2 -c" "EXTRA_COMPILER_FLAGS=-mcpu=cortex-a9 -mfpu=vfpv3 -mfloat-abi=hard -nostartfiles"
Compiling ttcps
Running Make libs in ps7_cortexa9_0/libsrc/coresightps_dcc_v1_2/src
make -C ps7_cortexa9_0/libsrc/coresightps_dcc_v1_2/src -s libs  "SHELL=/bin/sh" "COMPILER=arm-none-eabi-gcc" "ARCHIVER=arm-none-eabi-ar" "COMPILER_FLAGS=  -O2 -c" "EXTRA_COMPILER_FLAGS=-mcpu=cortex-a9 -mfpu=vfpv3 -mfloat-abi=hard -nostartfiles"
Compiling coresightps_dcc
Running Make libs in ps7_cortexa9_0/libsrc/standalone_v5_5/src
make -C ps7_cortexa9_0/libsrc/standalone_v5_5/src -s libs  "SHELL=/bin/sh" "COMPILER=arm-none-eabi-gcc" "ARCHIVER=arm-none-eabi-ar" "COMPILER_FLAGS=  -O2 -c" "EXTRA_COMPILER_FLAGS=-mcpu=cortex-a9 -mfpu=vfpv3 -mfloat-abi=hard -nostartfiles"
Compiling standalone
Running Make libs in ps7_cortexa9_0/libsrc/xadcps_v2_2/src
make -C ps7_cortexa9_0/libsrc/xadcps_v2_2/src -s libs  "SHELL=/bin/sh" "COMPILER=arm-none-eabi-gcc" "ARCHIVER=arm-none-eabi-ar" "COMPILER_FLAGS=  -O2 -c" "EXTRA_COMPILER_FLAGS=-mcpu=cortex-a9 -mfpu=vfpv3 -mfloat-abi=hard -nostartfiles"
Compiling xadcps
Running Make libs in ps7_cortexa9_0/libsrc/scutimer_v2_1/src
make -C ps7_cortexa9_0/libsrc/scutimer_v2_1/src -s libs  "SHELL=/bin/sh" "COMPILER=arm-none-eabi-gcc" "ARCHIVER=arm-none-eabi-ar" "COMPILER_FLAGS=  -O2 -c" "EXTRA_COMPILER_FLAGS=-mcpu=cortex-a9 -mfpu=vfpv3 -mfloat-abi=hard -nostartfiles"
Compiling scutimer
Finished building libraries
17:49:51 **** Build of configuration Debug for project FASEC_SFP-Periph-test ****
make pre-build main-build 
a9-linaro-pre-build-step
 
Building file: ../src/testperiph.c
Invoking: ARM v7 gcc compiler
arm-none-eabi-gcc -Wall -O0 -g3 -c -fmessage-length=0 -MT"src/testperiph.o" -mcpu=cortex-a9 -mfpu=vfpv3 -mfloat-abi=hard -I../../standalone_bsp_1/ps7_cortexa9_0/include -MMD -MP -MF"src/testperiph.d" -MT"src/testperiph.o" -o "src/testperiph.o" "../src/testperiph.c"
Finished building: ../src/testperiph.c
 
Building file: ../src/xdevcfg_selftest_example.c
Invoking: ARM v7 gcc compiler
arm-none-eabi-gcc -Wall -O0 -g3 -c -fmessage-length=0 -MT"src/xdevcfg_selftest_example.o" -mcpu=cortex-a9 -mfpu=vfpv3 -mfloat-abi=hard -I../../standalone_bsp_1/ps7_cortexa9_0/include -MMD -MP -MF"src/xdevcfg_selftest_example.d" -MT"src/xdevcfg_selftest_example.o" -o "src/xdevcfg_selftest_example.o" "../src/xdevcfg_selftest_example.c"
Finished building: ../src/xdevcfg_selftest_example.c
 
Building file: ../src/xdmaps_example_w_intr.c
Invoking: ARM v7 gcc compiler
arm-none-eabi-gcc -Wall -O0 -g3 -c -fmessage-length=0 -MT"src/xdmaps_example_w_intr.o" -mcpu=cortex-a9 -mfpu=vfpv3 -mfloat-abi=hard -I../../standalone_bsp_1/ps7_cortexa9_0/include -MMD -MP -MF"src/xdmaps_example_w_intr.d" -MT"src/xdmaps_example_w_intr.o" -o "src/xdmaps_example_w_intr.o" "../src/xdmaps_example_w_intr.c"
Finished building: ../src/xdmaps_example_w_intr.c
 
Building file: ../src/xemacps_example_intr_dma.c
Invoking: ARM v7 gcc compiler
arm-none-eabi-gcc -Wall -O0 -g3 -c -fmessage-length=0 -MT"src/xemacps_example_intr_dma.o" -mcpu=cortex-a9 -mfpu=vfpv3 -mfloat-abi=hard -I../../standalone_bsp_1/ps7_cortexa9_0/include -MMD -MP -MF"src/xemacps_example_intr_dma.d" -MT"src/xemacps_example_intr_dma.o" -o "src/xemacps_example_intr_dma.o" "../src/xemacps_example_intr_dma.c"
../src/xemacps_example_intr_dma.c: In function ‘XEmacPsClkSetup’:
../src/xemacps_example_intr_dma.c:1289:6: warning: unused variable ‘CrlApbClkCntrl’ [-Wunused-variable]
  u32 CrlApbClkCntrl;
      ^
Finished building: ../src/xemacps_example_intr_dma.c
 
Building file: ../src/xemacps_example_util.c
Invoking: ARM v7 gcc compiler
arm-none-eabi-gcc -Wall -O0 -g3 -c -fmessage-length=0 -MT"src/xemacps_example_util.o" -mcpu=cortex-a9 -mfpu=vfpv3 -mfloat-abi=hard -I../../standalone_bsp_1/ps7_cortexa9_0/include -MMD -MP -MF"src/xemacps_example_util.d" -MT"src/xemacps_example_util.o" -o "src/xemacps_example_util.o" "../src/xemacps_example_util.c"
Finished building: ../src/xemacps_example_util.c
 
Building file: ../src/xiicps_selftest_example.c
Invoking: ARM v7 gcc compiler
arm-none-eabi-gcc -Wall -O0 -g3 -c -fmessage-length=0 -MT"src/xiicps_selftest_example.o" -mcpu=cortex-a9 -mfpu=vfpv3 -mfloat-abi=hard -I../../standalone_bsp_1/ps7_cortexa9_0/include -MMD -MP -MF"src/xiicps_selftest_example.d" -MT"src/xiicps_selftest_example.o" -o "src/xiicps_selftest_example.o" "../src/xiicps_selftest_example.c"
Finished building: ../src/xiicps_selftest_example.c
 
Building file: ../src/xqspips_selftest_example.c
Invoking: ARM v7 gcc compiler
arm-none-eabi-gcc -Wall -O0 -g3 -c -fmessage-length=0 -MT"src/xqspips_selftest_example.o" -mcpu=cortex-a9 -mfpu=vfpv3 -mfloat-abi=hard -I../../standalone_bsp_1/ps7_cortexa9_0/include -MMD -MP -MF"src/xqspips_selftest_example.d" -MT"src/xqspips_selftest_example.o" -o "src/xqspips_selftest_example.o" "../src/xqspips_selftest_example.c"
Finished building: ../src/xqspips_selftest_example.c
 
Building file: ../src/xscugic_tapp_example.c
Invoking: ARM v7 gcc compiler
arm-none-eabi-gcc -Wall -O0 -g3 -c -fmessage-length=0 -MT"src/xscugic_tapp_example.o" -mcpu=cortex-a9 -mfpu=vfpv3 -mfloat-abi=hard -I../../standalone_bsp_1/ps7_cortexa9_0/include -MMD -MP -MF"src/xscugic_tapp_example.d" -MT"src/xscugic_tapp_example.o" -o "src/xscugic_tapp_example.o" "../src/xscugic_tapp_example.c"
Finished building: ../src/xscugic_tapp_example.c
 
Building file: ../src/xscutimer_intr_example.c
Invoking: ARM v7 gcc compiler
arm-none-eabi-gcc -Wall -O0 -g3 -c -fmessage-length=0 -MT"src/xscutimer_intr_example.o" -mcpu=cortex-a9 -mfpu=vfpv3 -mfloat-abi=hard -I../../standalone_bsp_1/ps7_cortexa9_0/include -MMD -MP -MF"src/xscutimer_intr_example.d" -MT"src/xscutimer_intr_example.o" -o "src/xscutimer_intr_example.o" "../src/xscutimer_intr_example.c"
Finished building: ../src/xscutimer_intr_example.c
 
Building file: ../src/xscutimer_polled_example.c
Invoking: ARM v7 gcc compiler
arm-none-eabi-gcc -Wall -O0 -g3 -c -fmessage-length=0 -MT"src/xscutimer_polled_example.o" -mcpu=cortex-a9 -mfpu=vfpv3 -mfloat-abi=hard -I../../standalone_bsp_1/ps7_cortexa9_0/include -MMD -MP -MF"src/xscutimer_polled_example.d" -MT"src/xscutimer_polled_example.o" -o "src/xscutimer_polled_example.o" "../src/xscutimer_polled_example.c"
Finished building: ../src/xscutimer_polled_example.c
 
Building file: ../src/xscuwdt_intr_example.c
Invoking: ARM v7 gcc compiler
arm-none-eabi-gcc -Wall -O0 -g3 -c -fmessage-length=0 -MT"src/xscuwdt_intr_example.o" -mcpu=cortex-a9 -mfpu=vfpv3 -mfloat-abi=hard -I../../standalone_bsp_1/ps7_cortexa9_0/include -MMD -MP -MF"src/xscuwdt_intr_example.d" -MT"src/xscuwdt_intr_example.o" -o "src/xscuwdt_intr_example.o" "../src/xscuwdt_intr_example.c"
Finished building: ../src/xscuwdt_intr_example.c
 
Building file: ../src/xttcps_tapp_example.c
Invoking: ARM v7 gcc compiler
arm-none-eabi-gcc -Wall -O0 -g3 -c -fmessage-length=0 -MT"src/xttcps_tapp_example.o" -mcpu=cortex-a9 -mfpu=vfpv3 -mfloat-abi=hard -I../../standalone_bsp_1/ps7_cortexa9_0/include -MMD -MP -MF"src/xttcps_tapp_example.d" -MT"src/xttcps_tapp_example.o" -o "src/xttcps_tapp_example.o" "../src/xttcps_tapp_example.c"
Finished building: ../src/xttcps_tapp_example.c
 
Building target: FASEC_SFP-Periph-test.elf
Invoking: ARM v7 gcc linker
arm-none-eabi-gcc -mcpu=cortex-a9 -mfpu=vfpv3 -mfloat-abi=hard -Wl,-build-id=none -specs=Xilinx.spec -Wl,-T -Wl,../src/lscript.ld -L../../standalone_bsp_1/ps7_cortexa9_0/lib -o "FASEC_SFP-Periph-test.elf"  ./src/testperiph.o ./src/xdevcfg_selftest_example.o ./src/xdmaps_example_w_intr.o ./src/xemacps_example_intr_dma.o ./src/xemacps_example_util.o ./src/xiicps_selftest_example.o ./src/xqspips_selftest_example.o ./src/xscugic_tapp_example.o ./src/xscutimer_intr_example.o ./src/xscutimer_polled_example.o ./src/xscuwdt_intr_example.o ./src/xttcps_tapp_example.o   -Wl,--start-group,-lxil,-lgcc,-lc,--end-group
Finished building target: FASEC_SFP-Periph-test.elf
 
Invoking: ARM v7 Print Size
arm-none-eabi-size FASEC_SFP-Periph-test.elf  |tee "FASEC_SFP-Periph-test.elf.size"
   text	   data	    bss	    dec	    hex	filename
  79140	   2944	  54608	 136692	  215f4	FASEC_SFP-Periph-test.elf
Finished building: FASEC_SFP-Periph-test.elf.size
 
17:49:53 **** Build of configuration Debug for project FASEC_Periph-test ****
make pre-build main-build 
a9-linaro-pre-build-step
 
Building file: ../src/testperiph.c
Invoking: ARM v7 gcc compiler
arm-none-eabi-gcc -Wall -O0 -g3 -c -fmessage-length=0 -MT"src/testperiph.o" -mcpu=cortex-a9 -mfpu=vfpv3 -mfloat-abi=hard -I../../standalone_bsp_1/ps7_cortexa9_0/include -MMD -MP -MF"src/testperiph.d" -MT"src/testperiph.o" -o "src/testperiph.o" "../src/testperiph.c"
Finished building: ../src/testperiph.c
 
Building file: ../src/xdevcfg_selftest_example.c
Invoking: ARM v7 gcc compiler
arm-none-eabi-gcc -Wall -O0 -g3 -c -fmessage-length=0 -MT"src/xdevcfg_selftest_example.o" -mcpu=cortex-a9 -mfpu=vfpv3 -mfloat-abi=hard -I../../standalone_bsp_1/ps7_cortexa9_0/include -MMD -MP -MF"src/xdevcfg_selftest_example.d" -MT"src/xdevcfg_selftest_example.o" -o "src/xdevcfg_selftest_example.o" "../src/xdevcfg_selftest_example.c"
Finished building: ../src/xdevcfg_selftest_example.c
 
Building file: ../src/xdmaps_example_w_intr.c
Invoking: ARM v7 gcc compiler
[...]
Compiling standalone
Running Make libs in ps7_cortexa9_0/libsrc/xadcps_v2_2/src
make -C ps7_cortexa9_0/libsrc/xadcps_v2_2/src -s libs  "SHELL=/bin/sh" "COMPILER=arm-none-eabi-gcc" "ARCHIVER=arm-none-eabi-ar" "COMPILER_FLAGS=  -O2 -c" "EXTRA_COMPILER_FLAGS=-mcpu=cortex-a9 -mfpu=vfpv3 -mfloat-abi=hard -nostartfiles"
Compiling xadcps
Running Make libs in ps7_cortexa9_0/libsrc/scutimer_v2_1/src
make -C ps7_cortexa9_0/libsrc/scutimer_v2_1/src -s libs  "SHELL=/bin/sh" "COMPILER=arm-none-eabi-gcc" "ARCHIVER=arm-none-eabi-ar" "COMPILER_FLAGS=  -O2 -c" "EXTRA_COMPILER_FLAGS=-mcpu=cortex-a9 -mfpu=vfpv3 -mfloat-abi=hard -nostartfiles"
Compiling scutimer
Finished building libraries
12:19:40 **** Build of configuration Debug for project FASEC_SFP-Periph-test ****
make pre-build main-build 
a9-linaro-pre-build-step
 
Building file: ../src/testperiph.c
Invoking: ARM v7 gcc compiler
arm-none-eabi-gcc -Wall -O0 -g3 -c -fmessage-length=0 -MT"src/testperiph.o" -mcpu=cortex-a9 -mfpu=vfpv3 -mfloat-abi=hard -I../../standalone_bsp_1/ps7_cortexa9_0/include -MMD -MP -MF"src/testperiph.d" -MT"src/testperiph.o" -o "src/testperiph.o" "../src/testperiph.c"
Finished building: ../src/testperiph.c
 
Building file: ../src/xdevcfg_selftest_example.c
Invoking: ARM v7 gcc compiler
arm-none-eabi-gcc -Wall -O0 -g3 -c -fmessage-length=0 -MT"src/xdevcfg_selftest_example.o" -mcpu=cortex-a9 -mfpu=vfpv3 -mfloat-abi=hard -I../../standalone_bsp_1/ps7_cortexa9_0/include -MMD -MP -MF"src/xdevcfg_selftest_example.d" -MT"src/xdevcfg_selftest_example.o" -o "src/xdevcfg_selftest_example.o" "../src/xdevcfg_selftest_example.c"
Finished building: ../src/xdevcfg_selftest_example.c
 
Building file: ../src/xdmaps_example_w_intr.c
Invoking: ARM v7 gcc compiler
arm-none-eabi-gcc -Wall -O0 -g3 -c -fmessage-length=0 -MT"src/xdmaps_example_w_intr.o" -mcpu=cortex-a9 -mfpu=vfpv3 -mfloat-abi=hard -I../../standalone_bsp_1/ps7_cortexa9_0/include -MMD -MP -MF"src/xdmaps_example_w_intr.d" -MT"src/xdmaps_example_w_intr.o" -o "src/xdmaps_example_w_intr.o" "../src/xdmaps_example_w_intr.c"
Finished building: ../src/xdmaps_example_w_intr.c
 
Building file: ../src/xemacps_example_intr_dma.c
Invoking: ARM v7 gcc compiler
arm-none-eabi-gcc -Wall -O0 -g3 -c -fmessage-length=0 -MT"src/xemacps_example_intr_dma.o" -mcpu=cortex-a9 -mfpu=vfpv3 -mfloat-abi=hard -I../../standalone_bsp_1/ps7_cortexa9_0/include -MMD -MP -MF"src/xemacps_example_intr_dma.d" -MT"src/xemacps_example_intr_dma.o" -o "src/xemacps_example_intr_dma.o" "../src/xemacps_example_intr_dma.c"
../src/xemacps_example_intr_dma.c: In function ‘XEmacPsClkSetup’:
../src/xemacps_example_intr_dma.c:1289:6: warning: unused variable ‘CrlApbClkCntrl’ [-Wunused-variable]
  u32 CrlApbClkCntrl;
      ^
Finished building: ../src/xemacps_example_intr_dma.c
 
Building file: ../src/xemacps_example_util.c
Invoking: ARM v7 gcc compiler
arm-none-eabi-gcc -Wall -O0 -g3 -c -fmessage-length=0 -MT"src/xemacps_example_util.o" -mcpu=cortex-a9 -mfpu=vfpv3 -mfloat-abi=hard -I../../standalone_bsp_1/ps7_cortexa9_0/include -MMD -MP -MF"src/xemacps_example_util.d" -MT"src/xemacps_example_util.o" -o "src/xemacps_example_util.o" "../src/xemacps_example_util.c"
Finished building: ../src/xemacps_example_util.c
 
Building file: ../src/xiicps_selftest_example.c
Invoking: ARM v7 gcc compiler
arm-none-eabi-gcc -Wall -O0 -g3 -c -fmessage-length=0 -MT"src/xiicps_selftest_example.o" -mcpu=cortex-a9 -mfpu=vfpv3 -mfloat-abi=hard -I../../standalone_bsp_1/ps7_cortexa9_0/include -MMD -MP -MF"src/xiicps_selftest_example.d" -MT"src/xiicps_selftest_example.o" -o "src/xiicps_selftest_example.o" "../src/xiicps_selftest_example.c"
Finished building: ../src/xiicps_selftest_example.c
 
Building file: ../src/xqspips_selftest_example.c
Invoking: ARM v7 gcc compiler
arm-none-eabi-gcc -Wall -O0 -g3 -c -fmessage-length=0 -MT"src/xqspips_selftest_example.o" -mcpu=cortex-a9 -mfpu=vfpv3 -mfloat-abi=hard -I../../standalone_bsp_1/ps7_cortexa9_0/include -MMD -MP -MF"src/xqspips_selftest_example.d" -MT"src/xqspips_selftest_example.o" -o "src/xqspips_selftest_example.o" "../src/xqspips_selftest_example.c"
Finished building: ../src/xqspips_selftest_example.c
 
Building file: ../src/xscugic_tapp_example.c
Invoking: ARM v7 gcc compiler
arm-none-eabi-gcc -Wall -O0 -g3 -c -fmessage-length=0 -MT"src/xscugic_tapp_example.o" -mcpu=cortex-a9 -mfpu=vfpv3 -mfloat-abi=hard -I../../standalone_bsp_1/ps7_cortexa9_0/include -MMD -MP -MF"src/xscugic_tapp_example.d" -MT"src/xscugic_tapp_example.o" -o "src/xscugic_tapp_example.o" "../src/xscugic_tapp_example.c"
Finished building: ../src/xscugic_tapp_example.c
 
Building file: ../src/xscutimer_intr_example.c
Invoking: ARM v7 gcc compiler
arm-none-eabi-gcc -Wall -O0 -g3 -c -fmessage-length=0 -MT"src/xscutimer_intr_example.o" -mcpu=cortex-a9 -mfpu=vfpv3 -mfloat-abi=hard -I../../standalone_bsp_1/ps7_cortexa9_0/include -MMD -MP -MF"src/xscutimer_intr_example.d" -MT"src/xscutimer_intr_example.o" -o "src/xscutimer_intr_example.o" "../src/xscutimer_intr_example.c"
Finished building: ../src/xscutimer_intr_example.c
 
Building file: ../src/xscutimer_polled_example.c
Invoking: ARM v7 gcc compiler
arm-none-eabi-gcc -Wall -O0 -g3 -c -fmessage-length=0 -MT"src/xscutimer_polled_example.o" -mcpu=cortex-a9 -mfpu=vfpv3 -mfloat-abi=hard -I../../standalone_bsp_1/ps7_cortexa9_0/include -MMD -MP -MF"src/xscutimer_polled_example.d" -MT"src/xscutimer_polled_example.o" -o "src/xscutimer_polled_example.o" "../src/xscutimer_polled_example.c"
Finished building: ../src/xscutimer_polled_example.c
 
Building file: ../src/xscuwdt_intr_example.c
Invoking: ARM v7 gcc compiler
arm-none-eabi-gcc -Wall -O0 -g3 -c -fmessage-length=0 -MT"src/xscuwdt_intr_example.o" -mcpu=cortex-a9 -mfpu=vfpv3 -mfloat-abi=hard -I../../standalone_bsp_1/ps7_cortexa9_0/include -MMD -MP -MF"src/xscuwdt_intr_example.d" -MT"src/xscuwdt_intr_example.o" -o "src/xscuwdt_intr_example.o" "../src/xscuwdt_intr_example.c"
Finished building: ../src/xscuwdt_intr_example.c
 
Building file: ../src/xttcps_tapp_example.c
Invoking: ARM v7 gcc compiler
arm-none-eabi-gcc -Wall -O0 -g3 -c -fmessage-length=0 -MT"src/xttcps_tapp_example.o" -mcpu=cortex-a9 -mfpu=vfpv3 -mfloat-abi=hard -I../../standalone_bsp_1/ps7_cortexa9_0/include -MMD -MP -MF"src/xttcps_tapp_example.d" -MT"src/xttcps_tapp_example.o" -o "src/xttcps_tapp_example.o" "../src/xttcps_tapp_example.c"
Finished building: ../src/xttcps_tapp_example.c
 
Building target: FASEC_SFP-Periph-test.elf
Invoking: ARM v7 gcc linker
arm-none-eabi-gcc -mcpu=cortex-a9 -mfpu=vfpv3 -mfloat-abi=hard -Wl,-build-id=none -specs=Xilinx.spec -Wl,-T -Wl,../src/lscript.ld -L../../standalone_bsp_1/ps7_cortexa9_0/lib -o "FASEC_SFP-Periph-test.elf"  ./src/testperiph.o ./src/xdevcfg_selftest_example.o ./src/xdmaps_example_w_intr.o ./src/xemacps_example_intr_dma.o ./src/xemacps_example_util.o ./src/xiicps_selftest_example.o ./src/xqspips_selftest_example.o ./src/xscugic_tapp_example.o ./src/xscutimer_intr_example.o ./src/xscutimer_polled_example.o ./src/xscuwdt_intr_example.o ./src/xttcps_tapp_example.o   -Wl,--start-group,-lxil,-lgcc,-lc,--end-group
Finished building target: FASEC_SFP-Periph-test.elf
 
Invoking: ARM v7 Print Size
arm-none-eabi-size FASEC_SFP-Periph-test.elf  |tee "FASEC_SFP-Periph-test.elf.size"
   text	   data	    bss	    dec	    hex	filename
  79140	   2944	  54608	 136692	  215f4	FASEC_SFP-Periph-test.elf
Finished building: FASEC_SFP-Periph-test.elf.size
 
12:19:42 **** Build of configuration Debug for project FASEC_Periph-test ****
make pre-build main-build 
a9-linaro-pre-build-step
 
Building file: ../src/testperiph.c
Invoking: ARM v7 gcc compiler
arm-none-eabi-gcc -Wall -O0 -g3 -c -fmessage-length=0 -MT"src/testperiph.o" -mcpu=cortex-a9 -mfpu=vfpv3 -mfloat-abi=hard -I../../standalone_bsp_1/ps7_cortexa9_0/include -MMD -MP -MF"src/testperiph.d" -MT"src/testperiph.o" -o "src/testperiph.o" "../src/testperiph.c"
Finished building: ../src/testperiph.c
 
Building file: ../src/xdevcfg_selftest_example.c
Invoking: ARM v7 gcc compiler
arm-none-eabi-gcc -Wall -O0 -g3 -c -fmessage-length=0 -MT"src/xdevcfg_selftest_example.o" -mcpu=cortex-a9 -mfpu=vfpv3 -mfloat-abi=hard -I../../standalone_bsp_1/ps7_cortexa9_0/include -MMD -MP -MF"src/xdevcfg_selftest_example.d" -MT"src/xdevcfg_selftest_example.o" -o "src/xdevcfg_selftest_example.o" "../src/xdevcfg_selftest_example.c"
Finished building: ../src/xdevcfg_selftest_example.c
 
Building file: ../src/xdmaps_example_w_intr.c
Invoking: ARM v7 gcc compiler
arm-none-eabi-gcc -Wall -O0 -g3 -c -fmessage-length=0 -MT"src/xdmaps_example_w_intr.o" -mcpu=cortex-a9 -mfpu=vfpv3 -mfloat-abi=hard -I../../standalone_bsp_1/ps7_cortexa9_0/include -MMD -MP -MF"src/xdmaps_example_w_intr.d" -MT"src/xdmaps_example_w_intr.o" -o "src/xdmaps_example_w_intr.o" "../src/xdmaps_example_w_intr.c"
Finished building: ../src/xdmaps_example_w_intr.c
 
Building file: ../src/xemacps_example_intr_dma.c
Invoking: ARM v7 gcc compiler
arm-none-eabi-gcc -Wall -O0 -g3 -c -fmessage-length=0 -MT"src/xemacps_example_intr_dma.o" -mcpu=cortex-a9 -mfpu=vfpv3 -mfloat-abi=hard -I../../standalone_bsp_1/ps7_cortexa9_0/include -MMD -MP -MF"src/xemacps_example_intr_dma.d" -MT"src/xemacps_example_intr_dma.o" -o "src/xemacps_example_intr_dma.o" "../src/xemacps_example_intr_dma.c"
../src/xemacps_example_intr_dma.c: In function ‘XEmacPsClkSetup’:
../src/xemacps_example_intr_dma.c:1294:6: warning: unused variable ‘CrlApbClkCntrl’ [-Wunused-variable]
  u32 CrlApbClkCntrl;
      ^
Finished building: ../src/xemacps_example_intr_dma.c
 
Building file: ../src/xemacps_example_util.c
Invoking: ARM v7 gcc compiler
arm-none-eabi-gcc -Wall -O0 -g3 -c -fmessage-length=0 -MT"src/xemacps_example_util.o" -mcpu=cortex-a9 -mfpu=vfpv3 -mfloat-abi=hard -I../../standalone_bsp_1/ps7_cortexa9_0/include -MMD -MP -MF"src/xemacps_example_util.d" -MT"src/xemacps_example_util.o" -o "src/xemacps_example_util.o" "../src/xemacps_example_util.c"
../src/xemacps_example_util.c: In function ‘EmacPsUtilMicrelPhyLoopback’:
../src/xemacps_example_util.c:708:2: warning: format ‘%u’ expects argument of type ‘unsigned int’, but argument 2 has type ‘u32’ [-Wformat=]
  printf("phy port %u reg %u before speed config: %#010x \n\r", PhyAddr, RegAddr, test);
  ^
../src/xemacps_example_util.c:708:2: warning: format ‘%u’ expects argument of type ‘unsigned int’, but argument 3 has type ‘u32’ [-Wformat=]
../src/xemacps_example_util.c:708:2: warning: format ‘%u’ expects argument of type ‘unsigned int’, but argument 2 has type ‘u32’ [-Wformat=]
../src/xemacps_example_util.c:708:2: warning: format ‘%u’ expects argument of type ‘unsigned int’, but argument 3 has type ‘u32’ [-Wformat=]
../src/xemacps_example_util.c:726:2: warning: format ‘%u’ expects argument of type ‘unsigned int’, but argument 2 has type ‘u32’ [-Wformat=]
  printf("phy port %u reg %u after reset: %#010x \n\r", PhyAddr, RegAddr, PhyReg0);
  ^
../src/xemacps_example_util.c:726:2: warning: format ‘%u’ expects argument of type ‘unsigned int’, but argument 3 has type ‘u32’ [-Wformat=]
../src/xemacps_example_util.c:726:2: warning: format ‘%u’ expects argument of type ‘unsigned int’, but argument 2 has type ‘u32’ [-Wformat=]
../src/xemacps_example_util.c:726:2: warning: format ‘%u’ expects argument of type ‘unsigned int’, but argument 3 has type ‘u32’ [-Wformat=]
../src/xemacps_example_util.c:740:3: warning: format ‘%u’ expects argument of type ‘unsigned int’, but argument 2 has type ‘u32’ [-Wformat=]
   printf("PHY %u reset\n\r", i);
   ^
../src/xemacps_example_util.c:740:3: warning: format ‘%u’ expects argument of type ‘unsigned int’, but argument 2 has type ‘u32’ [-Wformat=]
../src/xemacps_example_util.c:761:2: warning: format ‘%u’ expects argument of type ‘unsigned int’, but argument 2 has type ‘u32’ [-Wformat=]
  printf("written phy port %u reg %u : %#010x \n\r", PhyAddr, RegAddr, PhyReg0);
  ^
../src/xemacps_example_util.c:761:2: warning: format ‘%u’ expects argument of type ‘unsigned int’, but argument 3 has type ‘u32’ [-Wformat=]
../src/xemacps_example_util.c:761:2: warning: format ‘%u’ expects argument of type ‘unsigned int’, but argument 2 has type ‘u32’ [-Wformat=]
../src/xemacps_example_util.c:761:2: warning: format ‘%u’ expects argument of type ‘unsigned int’, but argument 3 has type ‘u32’ [-Wformat=]
../src/xemacps_example_util.c:767:2: warning: format ‘%u’ expects argument of type ‘unsigned int’, but argument 2 has type ‘u32’ [-Wformat=]
  printf("phy port %u reg %u : %#010x \n\r", PhyAddr, RegAddr, PhyReg0);
  ^
../src/xemacps_example_util.c:767:2: warning: format ‘%u’ expects argument of type ‘unsigned int’, but argument 3 has type ‘u32’ [-Wformat=]
../src/xemacps_example_util.c:767:2: warning: format ‘%u’ expects argument of type ‘unsigned int’, but argument 2 has type ‘u32’ [-Wformat=]
../src/xemacps_example_util.c:767:2: warning: format ‘%u’ expects argument of type ‘unsigned int’, but argument 3 has type ‘u32’ [-Wformat=]
../src/xemacps_example_util.c:676:6: warning: unused variable ‘PhyReg1’ [-Wunused-variable]
  u16 PhyReg1  = 0;
      ^
../src/xemacps_example_util.c: In function ‘EmacPsUtilEnterLoopback’:
../src/xemacps_example_util.c:814:4: warning: format ‘%u’ expects argument of type ‘unsigned int’, but argument 2 has type ‘u32’ [-Wformat=]
    printf("phy port %u reg %u : %#010x \n\r",j, i, PhyIdentity);
    ^
../src/xemacps_example_util.c:814:4: warning: format ‘%u’ expects argument of type ‘unsigned int’, but argument 3 has type ‘u32’ [-Wformat=]
../src/xemacps_example_util.c:814:4: warning: format ‘%u’ expects argument of type ‘unsigned int’, but argument 2 has type ‘u32’ [-Wformat=]
../src/xemacps_example_util.c:814:4: warning: format ‘%u’ expects argument of type ‘unsigned int’, but argument 3 has type ‘u32’ [-Wformat=]
Finished building: ../src/xemacps_example_util.c
 
Building file: ../src/xiicps_selftest_example.c
Invoking: ARM v7 gcc compiler
arm-none-eabi-gcc -Wall -O0 -g3 -c -fmessage-length=0 -MT"src/xiicps_selftest_example.o" -mcpu=cortex-a9 -mfpu=vfpv3 -mfloat-abi=hard -I../../standalone_bsp_1/ps7_cortexa9_0/include -MMD -MP -MF"src/xiicps_selftest_example.d" -MT"src/xiicps_selftest_example.o" -o "src/xiicps_selftest_example.o" "../src/xiicps_selftest_example.c"
Finished building: ../src/xiicps_selftest_example.c
 
Building file: ../src/xqspips_selftest_example.c
Invoking: ARM v7 gcc compiler
arm-none-eabi-gcc -Wall -O0 -g3 -c -fmessage-length=0 -MT"src/xqspips_selftest_example.o" -mcpu=cortex-a9 -mfpu=vfpv3 -mfloat-abi=hard -I../../standalone_bsp_1/ps7_cortexa9_0/include -MMD -MP -MF"src/xqspips_selftest_example.d" -MT"src/xqspips_selftest_example.o" -o "src/xqspips_selftest_example.o" "../src/xqspips_selftest_example.c"
Finished building: ../src/xqspips_selftest_example.c
 
Building file: ../src/xscugic_tapp_example.c
Invoking: ARM v7 gcc compiler
arm-none-eabi-gcc -Wall -O0 -g3 -c -fmessage-length=0 -MT"src/xscugic_tapp_example.o" -mcpu=cortex-a9 -mfpu=vfpv3 -mfloat-abi=hard -I../../standalone_bsp_1/ps7_cortexa9_0/include -MMD -MP -MF"src/xscugic_tapp_example.d" -MT"src/xscugic_tapp_example.o" -o "src/xscugic_tapp_example.o" "../src/xscugic_tapp_example.c"
Finished building: ../src/xscugic_tapp_example.c
 
Building file: ../src/xscutimer_intr_example.c
Invoking: ARM v7 gcc compiler
arm-none-eabi-gcc -Wall -O0 -g3 -c -fmessage-length=0 -MT"src/xscutimer_intr_example.o" -mcpu=cortex-a9 -mfpu=vfpv3 -mfloat-abi=hard -I../../standalone_bsp_1/ps7_cortexa9_0/include -MMD -MP -MF"src/xscutimer_intr_example.d" -MT"src/xscutimer_intr_example.o" -o "src/xscutimer_intr_example.o" "../src/xscutimer_intr_example.c"
Finished building: ../src/xscutimer_intr_example.c
 
Building file: ../src/xscutimer_polled_example.c
Invoking: ARM v7 gcc compiler
arm-none-eabi-gcc -Wall -O0 -g3 -c -fmessage-length=0 -MT"src/xscutimer_polled_example.o" -mcpu=cortex-a9 -mfpu=vfpv3 -mfloat-abi=hard -I../../standalone_bsp_1/ps7_cortexa9_0/include -MMD -MP -MF"src/xscutimer_polled_example.d" -MT"src/xscutimer_polled_example.o" -o "src/xscutimer_polled_example.o" "../src/xscutimer_polled_example.c"
Finished building: ../src/xscutimer_polled_example.c
 
Building file: ../src/xscuwdt_intr_example.c
Invoking: ARM v7 gcc compiler
arm-none-eabi-gcc -Wall -O0 -g3 -c -fmessage-length=0 -MT"src/xscuwdt_intr_example.o" -mcpu=cortex-a9 -mfpu=vfpv3 -mfloat-abi=hard -I../../standalone_bsp_1/ps7_cortexa9_0/include -MMD -MP -MF"src/xscuwdt_intr_example.d" -MT"src/xscuwdt_intr_example.o" -o "src/xscuwdt_intr_example.o" "../src/xscuwdt_intr_example.c"
Finished building: ../src/xscuwdt_intr_example.c
 
Building file: ../src/xttcps_tapp_example.c
Invoking: ARM v7 gcc compiler
arm-none-eabi-gcc -Wall -O0 -g3 -c -fmessage-length=0 -MT"src/xttcps_tapp_example.o" -mcpu=cortex-a9 -mfpu=vfpv3 -mfloat-abi=hard -I../../standalone_bsp_1/ps7_cortexa9_0/include -MMD -MP -MF"src/xttcps_tapp_example.d" -MT"src/xttcps_tapp_example.o" -o "src/xttcps_tapp_example.o" "../src/xttcps_tapp_example.c"
Finished building: ../src/xttcps_tapp_example.c
 
Building target: FASEC_Periph-test.elf
Invoking: ARM v7 gcc linker
arm-none-eabi-gcc -mcpu=cortex-a9 -mfpu=vfpv3 -mfloat-abi=hard -Wl,-build-id=none -specs=Xilinx.spec -Wl,-T -Wl,../src/lscript.ld -L../../standalone_bsp_1/ps7_cortexa9_0/lib -o "FASEC_Periph-test.elf"  ./src/testperiph.o ./src/xdevcfg_selftest_example.o ./src/xdmaps_example_w_intr.o ./src/xemacps_example_intr_dma.o ./src/xemacps_example_util.o ./src/xiicps_selftest_example.o ./src/xqspips_selftest_example.o ./src/xscugic_tapp_example.o ./src/xscutimer_intr_example.o ./src/xscutimer_polled_example.o ./src/xscuwdt_intr_example.o ./src/xttcps_tapp_example.o   -Wl,--start-group,-lxil,-lgcc,-lc,--end-group
Finished building target: FASEC_Periph-test.elf
 
Invoking: ARM v7 Print Size
arm-none-eabi-size FASEC_Periph-test.elf  |tee "FASEC_Periph-test.elf.size"
   text	   data	    bss	    dec	    hex	filename
 130092	   4376	  55376	 189844	  2e594	FASEC_Periph-test.elf
Finished building: FASEC_Periph-test.elf.size
 
17:54:04 **** Clean-only build of project standalone_bsp_1 ****
make -k clean 
rm -f ps7_cortexa9_0/lib/libxil.a
17:54:04 **** Clean-only build of configuration Debug for project FASEC_Periph-test ****
make clean 
rm -rf  ./src/testperiph.o ./src/xdevcfg_selftest_example.o ./src/xdmaps_example_w_intr.o ./src/xemacps_example_intr_dma.o ./src/xemacps_example_util.o ./src/xiicps_selftest_example.o ./src/xqspips_selftest_example.o ./src/xscugic_tapp_example.o ./src/xscutimer_intr_example.o ./src/xscutimer_polled_example.o ./src/xscuwdt_intr_example.o ./src/xttcps_tapp_example.o  ./src/testperiph.d ./src/xdevcfg_selftest_example.d ./src/xdmaps_example_w_intr.d ./src/xemacps_example_intr_dma.d ./src/xemacps_example_util.d ./src/xiicps_selftest_example.d ./src/xqspips_selftest_example.d ./src/xscugic_tapp_example.d ./src/xscutimer_intr_example.d ./src/xscutimer_polled_example.d ./src/xscuwdt_intr_example.d ./src/xttcps_tapp_example.d  FASEC_Periph-test.elf.size  FASEC_Periph-test.elf
 
17:54:04 **** Clean-only build of configuration Debug for project FASEC_SFP-Periph-test ****
make clean 
rm -rf  ./src/testperiph.o ./src/xdevcfg_selftest_example.o ./src/xdmaps_example_w_intr.o ./src/xemacps_example_intr_dma.o ./src/xemacps_example_util.o ./src/xiicps_selftest_example.o ./src/xqspips_selftest_example.o ./src/xscugic_tapp_example.o ./src/xscutimer_intr_example.o ./src/xscutimer_polled_example.o ./src/xscuwdt_intr_example.o ./src/xttcps_tapp_example.o  ./src/testperiph.d ./src/xdevcfg_selftest_example.d ./src/xdmaps_example_w_intr.d ./src/xemacps_example_intr_dma.d ./src/xemacps_example_util.d ./src/xiicps_selftest_example.d ./src/xqspips_selftest_example.d ./src/xscugic_tapp_example.d ./src/xscutimer_intr_example.d ./src/xscutimer_polled_example.d ./src/xscuwdt_intr_example.d ./src/xttcps_tapp_example.d  FASEC_SFP-Periph-test.elf.size  FASEC_SFP-Periph-test.elf
 
