18:14:36 **** Build of configuration Debug for project Dhrystone_FASEC ****
make pre-build main-build 
a9-linaro-pre-build-step
 
Building file: ../src/dhry_1.c
Invoking: ARM v7 gcc compiler
arm-none-eabi-gcc -Wall -O0 -g3 -c -fmessage-length=0 -MT"src/dhry_1.o" -mcpu=cortex-a9 -mfpu=vfpv3 -mfloat-abi=hard -I../../standalone_bsp_0/ps7_cortexa9_0/include -MMD -MP -MF"src/dhry_1.d" -MT"src/dhry_1.o" -o "src/dhry_1.o" "../src/dhry_1.c"
../src/dhry_1.c:74:1: warning: return type defaults to ‘int’ [-Wreturn-type]
 main ()
 ^
../src/dhry_1.c: In function ‘main’:
../src/dhry_1.c:115:3: warning: implicit declaration of function ‘xil_printf’ [-Wimplicit-function-declaration]
   printf ("\n");
   ^
../src/dhry_1.c:153:5: warning: implicit declaration of function ‘Proc_5’ [-Wimplicit-function-declaration]
     Proc_5();
     ^
../src/dhry_1.c:154:5: warning: implicit declaration of function ‘Proc_4’ [-Wimplicit-function-declaration]
     Proc_4();
     ^
../src/dhry_1.c:160:5: warning: implicit declaration of function ‘Func_2’ [-Wimplicit-function-declaration]
     Bool_Glob = ! Func_2 (Str_1_Loc, Str_2_Loc);
     ^
../src/dhry_1.c:166:7: warning: implicit declaration of function ‘Proc_7’ [-Wimplicit-function-declaration]
       Proc_7 (Int_1_Loc, Int_2_Loc, &Int_3_Loc);
       ^
../src/dhry_1.c:171:5: warning: implicit declaration of function ‘Proc_8’ [-Wimplicit-function-declaration]
     Proc_8 (Arr_1_Glob, Arr_2_Glob, Int_1_Loc, Int_3_Loc);
     ^
../src/dhry_1.c:173:5: warning: implicit declaration of function ‘Proc_1’ [-Wimplicit-function-declaration]
     Proc_1 (Ptr_Glob);
     ^
../src/dhry_1.c:180:9: warning: implicit declaration of function ‘Proc_6’ [-Wimplicit-function-declaration]
         Proc_6 (Ident_1, &Enum_Loc);
         ^
../src/dhry_1.c:191:5: warning: implicit declaration of function ‘Proc_2’ [-Wimplicit-function-declaration]
     Proc_2 (&Int_1_Loc);
     ^
../src/dhry_1.c: At top level:
../src/dhry_1.c:328:1: warning: return type defaults to ‘int’ [-Wreturn-type]
 Proc_1 (Ptr_Val_Par)
 ^
../src/dhry_1.c: In function ‘Proc_1’:
../src/dhry_1.c:344:3: warning: implicit declaration of function ‘Proc_3’ [-Wimplicit-function-declaration]
   Proc_3 (&Next_Record->Ptr_Comp);
   ^
../src/dhry_1.c: At top level:
../src/dhry_1.c:362:1: warning: return type defaults to ‘int’ [-Wreturn-type]
 Proc_2 (Int_Par_Ref)
 ^
../src/dhry_1.c:385:1: warning: return type defaults to ‘int’ [-Wreturn-type]
 Proc_3 (Ptr_Ref_Par)
 ^
../src/dhry_1.c:400:1: warning: return type defaults to ‘int’ [-Wreturn-type]
 Proc_4 () /* without parameters */
 ^
../src/dhry_1.c:412:1: warning: return type defaults to ‘int’ [-Wreturn-type]
 Proc_5 () /* without parameters */
 ^
../src/dhry_1.c: In function ‘main’:
../src/dhry_1.c:325:1: warning: control reaches end of non-void function [-Wreturn-type]
 }
 ^
../src/dhry_1.c: In function ‘Proc_1’:
../src/dhry_1.c:359:1: warning: control reaches end of non-void function [-Wreturn-type]
 } /* Proc_1 */
 ^
../src/dhry_1.c: In function ‘Proc_2’:
../src/dhry_1.c:382:1: warning: control reaches end of non-void function [-Wreturn-type]
 } /* Proc_2 */
 ^
../src/dhry_1.c: In function ‘Proc_3’:
../src/dhry_1.c:397:1: warning: control reaches end of non-void function [-Wreturn-type]
 } /* Proc_3 */
 ^
../src/dhry_1.c: In function ‘Proc_4’:
../src/dhry_1.c:409:1: warning: control reaches end of non-void function [-Wreturn-type]
 } /* Proc_4 */
 ^
../src/dhry_1.c: In function ‘Proc_5’:
../src/dhry_1.c:418:1: warning: control reaches end of non-void function [-Wreturn-type]
 } /* Proc_5 */
 ^
Finished building: ../src/dhry_1.c
 
Building file: ../src/dhry_2.c
Invoking: ARM v7 gcc compiler
arm-none-eabi-gcc -Wall -O0 -g3 -c -fmessage-length=0 -MT"src/dhry_2.o" -mcpu=cortex-a9 -mfpu=vfpv3 -mfloat-abi=hard -I../../standalone_bsp_0/ps7_cortexa9_0/include -MMD -MP -MF"src/dhry_2.d" -MT"src/dhry_2.o" -o "src/dhry_2.o" "../src/dhry_2.c"
../src/dhry_2.c:30:1: warning: return type defaults to ‘int’ [-Wreturn-type]
 Proc_6 (Enum_Val_Par, Enum_Ref_Par)
 ^
../src/dhry_2.c: In function ‘Proc_6’:
../src/dhry_2.c:39:3: warning: implicit declaration of function ‘Func_3’ [-Wimplicit-function-declaration]
   if (! Func_3 (Enum_Val_Par))
   ^
../src/dhry_2.c: At top level:
../src/dhry_2.c:64:1: warning: return type defaults to ‘int’ [-Wreturn-type]
 Proc_7 (Int_1_Par_Val, Int_2_Par_Val, Int_Par_Ref)
 ^
../src/dhry_2.c:84:1: warning: return type defaults to ‘int’ [-Wreturn-type]
 Proc_8 (Arr_1_Par_Ref, Arr_2_Par_Ref, Int_1_Par_Val, Int_2_Par_Val)
 ^
../src/dhry_2.c: In function ‘Func_2’:
../src/dhry_2.c:164:5: warning: implicit declaration of function ‘strcmp’ [-Wimplicit-function-declaration]
     if (strcmp (Str_1_Par_Ref, Str_2_Par_Ref) > 0)
     ^
../src/dhry_2.c: In function ‘Proc_6’:
../src/dhry_2.c:61:1: warning: control reaches end of non-void function [-Wreturn-type]
 } /* Proc_6 */
 ^
../src/dhry_2.c: In function ‘Proc_7’:
../src/dhry_2.c:81:1: warning: control reaches end of non-void function [-Wreturn-type]
 } /* Proc_7 */
 ^
../src/dhry_2.c: In function ‘Proc_8’:
../src/dhry_2.c:106:1: warning: control reaches end of non-void function [-Wreturn-type]
 } /* Proc_8 */
 ^
Finished building: ../src/dhry_2.c
 
Building file: ../src/platform.c
Invoking: ARM v7 gcc compiler
arm-none-eabi-gcc -Wall -O0 -g3 -c -fmessage-length=0 -MT"src/platform.o" -mcpu=cortex-a9 -mfpu=vfpv3 -mfloat-abi=hard -I../../standalone_bsp_0/ps7_cortexa9_0/include -MMD -MP -MF"src/platform.d" -MT"src/platform.o" -o "src/platform.o" "../src/platform.c"
Finished building: ../src/platform.c
 
Building target: Dhrystone_FASEC.elf
Invoking: ARM v7 gcc linker
arm-none-eabi-gcc -mcpu=cortex-a9 -mfpu=vfpv3 -mfloat-abi=hard -Wl,-build-id=none -specs=Xilinx.spec -Wl,-T -Wl,../src/lscript.ld -L../../standalone_bsp_0/ps7_cortexa9_0/lib -o "Dhrystone_FASEC.elf"  ./src/dhry_1.o ./src/dhry_2.o ./src/platform.o   -Wl,--start-group,-lxil,-lgcc,-lc,--end-group
Finished building target: Dhrystone_FASEC.elf
 
Invoking: ARM v7 Print Size
arm-none-eabi-size Dhrystone_FASEC.elf  |tee "Dhrystone_FASEC.elf.size"
   text	   data	    bss	    dec	    hex	filename
  32476	   1152	  21652	  55280	   d7f0	Dhrystone_FASEC.elf
Finished building: Dhrystone_FASEC.elf.size
 

18:14:36 Build Finished (took 535ms)

